Running main() from /root/.conan2/p/b/gtestfd5ccee71f8a1/b/src/googletest/src/gtest_main.cc
Note: Google Test filter = Client.T1_*:Client.T2_*:Client.T3_*:Client.T4_*:Client.T8*:Client.TD_*:Client.T16_*:Client.T17_*:Client.T18_*:Client.T19_*:Client.T20_*:Client.T21_*:Client.T22_*:Client.T23_*:Client.T26_*:Client.T28_*:Client.T29_*:Client.T30_*:Client.T9_*:ClientTest.T2_*:ClientTest.T3_*:ClientTest.T5_*:ClientTest.TD_*:ClientConfigTest.*
[==========] Running 23 tests from 3 test suites.
[----------] Global test environment set-up.
[----------] 18 tests from Client
[ RUN      ] Client.T1_ConnectSuccess
/root/Cross_platform_file_transfer_tool-main/Cross_platform_file_transfer_tool-main/tests/test1.cpp:13: Skipped
T1 是集成测试，需 OPCUA_RUN_INTEGRATION=1 且真实设备可达
[  SKIPPED ] Client.T1_ConnectSuccess (1 ms)
[ RUN      ] Client.T2_ConnectFailureDrivesRunIterate
[2026-09-20 12:22:26.174 (UTC+0800)] [32minfo/client[0m	Client Status: ChannelState: Fresh, SessionState: Closed, ConnectStatus: BadConnectionClosed
[       OK ] Client.T2_ConnectFailureDrivesRunIterate (1 ms)
[ RUN      ] Client.T3_TransientDisconnectRecoversWithoutGiveUp_Mock
[2026-09-20 12:22:26.174 (UTC+0800)] [32minfo/client[0m	Client Status: ChannelState: Fresh, SessionState: Closed, ConnectStatus: BadConnectionClosed
[       OK ] Client.T3_TransientDisconnectRecoversWithoutGiveUp_Mock (1 ms)
[ RUN      ] Client.T8B_RecreateRequiresGivenUpState_Mock
[2026-09-20 12:22:26.175] [info] Watchdog thread started
[2026-09-20 12:22:26.176 (UTC+0800)] [32minfo/client[0m	Client Status: ChannelState: Fresh, SessionState: Closed, ConnectStatus: BadConnectionClosed
[       OK ] Client.T8B_RecreateRequiresGivenUpState_Mock (2 ms)
[ RUN      ] Client.T8C1_ShutdownRejectedWhileRecreating
[2026-09-20 12:22:26.177] [info] Watchdog thread started
[2026-09-20 12:22:26.228] [info] Watchdog thread started
[2026-09-20 12:22:26.228 (UTC+0800)] [32minfo/client[0m	Client Status: ChannelState: Fresh, SessionState: Closed, ConnectStatus: BadConnectionClosed
[2026-09-20 12:22:26.279 (UTC+0800)] [32minfo/client[0m	Client Status: ChannelState: Fresh, SessionState: Closed, ConnectStatus: BadConnectionClosed
[       OK ] Client.T8C1_ShutdownRejectedWhileRecreating (102 ms)
[ RUN      ] Client.T8C2_DestructorAfterRecreate_CompletesPromptly
[2026-09-20 12:22:26.279] [info] Watchdog thread started
[2026-09-20 12:22:26.279] [info] Watchdog thread started
[2026-09-20 12:22:26.280 (UTC+0800)] [32minfo/client[0m	Client Status: ChannelState: Fresh, SessionState: Closed, ConnectStatus: BadConnectionClosed
[2026-09-20 12:22:26.280 (UTC+0800)] [32minfo/client[0m	Client Status: ChannelState: Fresh, SessionState: Closed, ConnectStatus: BadConnectionClosed
[       OK ] Client.T8C2_DestructorAfterRecreate_CompletesPromptly (1 ms)
[ RUN      ] Client.T16_ShutdownWaitsForInFlightRead_NoUAF
[2026-09-20 12:22:26.280] [info] Watchdog thread started
[2026-09-20 12:22:26.581 (UTC+0800)] [32minfo/client[0m	Client Status: ChannelState: Fresh, SessionState: Closed, ConnectStatus: BadConnectionClosed
[       OK ] Client.T16_ShutdownWaitsForInFlightRead_NoUAF (301 ms)
[ RUN      ] Client.T17_ShutdownTimeout_ForceCleanup_NoUAF
[2026-09-20 12:22:26.582] [info] Watchdog thread started
[2026-09-20 12:22:28.583] [warning] shutdownInternal: task counter did not reach zero within 2000 ms, forcing cleanup (counter=1)
[2026-09-20 12:22:28.583 (UTC+0800)] [32minfo/client[0m	Client Status: ChannelState: Fresh, SessionState: Closed, ConnectStatus: BadConnectionClosed
[       OK ] Client.T17_ShutdownTimeout_ForceCleanup_NoUAF (2003 ms)
[ RUN      ] Client.T18_RecreateVsInFlightRead_OldFailsNewUsable
[2026-09-20 12:22:28.584] [info] Watchdog thread started
[2026-09-20 12:22:28.686] [info] Watchdog thread started
[2026-09-20 12:22:28.686 (UTC+0800)] [32minfo/client[0m	Client Status: ChannelState: Fresh, SessionState: Closed, ConnectStatus: BadConnectionClosed
[2026-09-20 12:22:28.687 (UTC+0800)] [32minfo/client[0m	Client Status: ChannelState: Fresh, SessionState: Closed, ConnectStatus: BadConnectionClosed
[       OK ] Client.T18_RecreateVsInFlightRead_OldFailsNewUsable (103 ms)
[ RUN      ] Client.T19_GiveUp_ThresholdBoundary_VirtualClock
[2026-09-20 12:22:28.687] [info] Watchdog thread started
[2026-09-20 12:22:31.598 (UTC+0800)] [32minfo/client[0m	Client Status: ChannelState: Fresh, SessionState: Closed, ConnectStatus: BadConnectionClosed
[       OK ] Client.T19_GiveUp_ThresholdBoundary_VirtualClock (2911 ms)
[ RUN      ] Client.T20_AllReadWriteErrorPaths_NoLeak
[2026-09-20 12:22:31.599] [info] Watchdog thread started
[2026-09-20 12:22:31.600 (UTC+0800)] [32minfo/client[0m	Client Status: ChannelState: Fresh, SessionState: Closed, ConnectStatus: BadConnectionClosed
[       OK ] Client.T20_AllReadWriteErrorPaths_NoLeak (2 ms)
[ RUN      ] Client.T21_BatchRead_RetriesTransientThenSucceeds
[2026-09-20 12:22:31.600] [info] Watchdog thread started
[2026-09-20 12:22:31.611 (UTC+0800)] [32minfo/client[0m	Client Status: ChannelState: Fresh, SessionState: Closed, ConnectStatus: BadConnectionClosed
[       OK ] Client.T21_BatchRead_RetriesTransientThenSucceeds (11 ms)
[ RUN      ] Client.T22_BatchRead_BudgetExceeded_VirtualClock
[2026-09-20 12:22:31.611] [info] Watchdog thread started
[T22] error           = batchRead: total time budget exceeded
[T22] calls           = 8
[T22] virtual elapsed = 450
[T22] budget          = 440
[2026-09-20 12:22:31.689 (UTC+0800)] [32minfo/client[0m	Client Status: ChannelState: Fresh, SessionState: Closed, ConnectStatus: BadConnectionClosed
[       OK ] Client.T22_BatchRead_BudgetExceeded_VirtualClock (78 ms)
[ RUN      ] Client.T23_CreateWithInvalidConfig_useDefaultFalse_Rejected
[2026-09-20 12:22:31.689 (UTC+0800)] [32minfo/client[0m	Client Status: ChannelState: Fresh, SessionState: Closed, ConnectStatus: BadConnectionClosed
[       OK ] Client.T23_CreateWithInvalidConfig_useDefaultFalse_Rejected (0 ms)
[ RUN      ] Client.T26_RecreateFailureKeepsOldImpl
[2026-09-20 12:22:31.690] [info] Watchdog thread started
[2026-09-20 12:22:31.690 (UTC+0800)] [32minfo/client[0m	Client Status: ChannelState: Fresh, SessionState: Closed, ConnectStatus: BadConnectionClosed
[2026-09-20 12:22:31.690 (UTC+0800)] [32minfo/client[0m	Client Status: ChannelState: Fresh, SessionState: Closed, ConnectStatus: BadConnectionClosed
[T26] baseline=1 after=2
[       OK ] Client.T26_RecreateFailureKeepsOldImpl (1 ms)
[ RUN      ] Client.T28_MalformedReadResponse_NoLeak
[2026-09-20 12:22:31.691] [info] Watchdog thread started
[2026-09-20 12:22:31.713 (UTC+0800)] [32minfo/client[0m	Client Status: ChannelState: Fresh, SessionState: Closed, ConnectStatus: BadConnectionClosed
[       OK ] Client.T28_MalformedReadResponse_NoLeak (23 ms)
[ RUN      ] Client.T29_PerItemBadAndTypeMismatch_MapToNullopt
[2026-09-20 12:22:31.724] [info] Watchdog thread started
[2026-09-20 12:22:31.728 (UTC+0800)] [32minfo/client[0m	Client Status: ChannelState: Fresh, SessionState: Closed, ConnectStatus: BadConnectionClosed
[       OK ] Client.T29_PerItemBadAndTypeMismatch_MapToNullopt (16 ms)
[ RUN      ] Client.T30_MalformedWriteResponse_Rejected
[2026-09-20 12:22:31.729] [info] Watchdog thread started
[2026-09-20 12:22:31.748 (UTC+0800)] [32minfo/client[0m	Client Status: ChannelState: Fresh, SessionState: Closed, ConnectStatus: BadConnectionClosed
[       OK ] Client.T30_MalformedWriteResponse_Rejected (19 ms)
[----------] 18 tests from Client (5576 ms total)

[----------] 4 tests from ClientTest
[ RUN      ] ClientTest.T2_ConnectSuccess
[2026-09-20 12:22:31.748 (UTC+0800)] [32minfo/eventloop[0m	Starting the EventLoop
[2026-09-20 12:22:31.748 (UTC+0800)] [33mwarn/server[0m	AccessControl: Unconfigured AccessControl. Users have all permissions.
[2026-09-20 12:22:31.748 (UTC+0800)] [32minfo/server[0m	AccessControl: Anonymous login is enabled
[2026-09-20 12:22:31.748 (UTC+0800)] [33mwarn/server[0m	x509 Certificate Authentication configured, but no encrypting SecurityPolicy. This can leak credentials on the network.
[2026-09-20 12:22:31.750 (UTC+0800)] [32minfo/session[0m	TCP 0	| SC 0	| Session "Administrator"	| AddNode (i=15303): No TypeDefinition. Use the default TypeDefinition for the Variable/Object
[2026-09-20 12:22:31.753 (UTC+0800)] [32minfo/session[0m	TCP 0	| SC 0	| Session "Administrator"	| AddNode (i=25451): No TypeDefinition. Use the default TypeDefinition for the Variable/Object
[2026-09-20 12:22:31.785 (UTC+0800)] [33mwarn/userland[0m	ServerUrls already set. Overriding.
[2026-09-20 12:22:31.785 (UTC+0800)] [33mwarn/server[0m	AccessControl: Unconfigured AccessControl. Users have all permissions.
[2026-09-20 12:22:31.785 (UTC+0800)] [32minfo/server[0m	AccessControl: Anonymous login is enabled
[2026-09-20 12:22:31.785 (UTC+0800)] [33mwarn/server[0m	x509 Certificate Authentication configured, but no encrypting SecurityPolicy. This can leak credentials on the network.
[2026-09-20 12:22:31.785 (UTC+0800)] [33mwarn/server[0m	x509 Certificate Authentication configured, but no encrypting SecurityPolicy. This can leak credentials on the network.
[2026-09-20 12:22:31.785 (UTC+0800)] [32minfo/network[0m	TCP 4	| Creating listen socket for "127.0.0.1" on port 4841
[2026-09-20 12:22:31.785 (UTC+0800)] [32minfo/server[0m	New DiscoveryUrl added: opc.tcp://127.0.0.1:4841
[2026-09-20 12:22:31.786 (UTC+0800)] [32minfo/eventloop[0m	Starting the EventLoop
[2026-09-20 12:22:31.786 (UTC+0800)] [32minfo/network[0m	TCP 6	| Opening a connection to "127.0.0.1" on port 4841
[2026-09-20 12:22:31.786 (UTC+0800)] [32minfo/network[0m	TCP 7	| Connection opened from "127.0.0.1" via the server socket 4
[2026-09-20 12:22:31.786 (UTC+0800)] [32minfo/channel[0m	TCP 7	| SC 1	| SecureChannel created
[2026-09-20 12:22:31.787 (UTC+0800)] [32minfo/channel[0m	TCP 7	| SC 1	| SecureChannel opened with SecurityPolicy http://opcfoundation.org/UA/SecurityPolicy#None and a revised lifetime of 600.00s
[2026-09-20 12:22:31.787 (UTC+0800)] [32minfo/channel[0m	TCP 6	| SC 1	| SecureChannel opened with SecurityPolicy http://opcfoundation.org/UA/SecurityPolicy#None and a revised lifetime of 600.00s
[2026-09-20 12:22:31.787 (UTC+0800)] [32minfo/client[0m	Client Status: ChannelState: Open, SessionState: Closed, ConnectStatus: Good
[2026-09-20 12:22:31.788 (UTC+0800)] [32minfo/client[0m	Selected endpoint with EndpointUrl opc.tcp://127.0.0.1:4841, SecurityMode None and SecurityPolicy http://opcfoundation.org/UA/SecurityPolicy#None
[2026-09-20 12:22:31.795 (UTC+0800)] [32minfo/session[0m	TCP 7	| SC 1	| Session "ns=1;g=9a531a7a-d8cc-f584-e62e-a26add2de20e"	| Session created
[2026-09-20 12:22:31.796 (UTC+0800)] [32minfo/client[0m	Client Status: ChannelState: Open, SessionState: Created, ConnectStatus: Good
[2026-09-20 12:22:31.796 (UTC+0800)] [32minfo/session[0m	TCP 7	| SC 1	| Session "ns=1;g=9a531a7a-d8cc-f584-e62e-a26add2de20e"	| ActivateSession: Session activated with ClientUserId ""
[2026-09-20 12:22:31.796 (UTC+0800)] [32minfo/client[0m	Client Status: ChannelState: Open, SessionState: Activated, ConnectStatus: Good
[2026-09-20 12:22:31.796] [info] Watchdog thread started
[2026-09-20 12:22:31.896 (UTC+0800)] [32minfo/session[0m	TCP 7	| SC 1	| Session "ns=1;g=9a531a7a-d8cc-f584-e62e-a26add2de20e"	| Closing the Session
[2026-09-20 12:22:31.896 (UTC+0800)] [32minfo/channel[0m	TCP 6	| SC 1	| SecureChannel closed
[2026-09-20 12:22:31.896 (UTC+0800)] [32minfo/client[0m	Client Status: ChannelState: Fresh, SessionState: Closed, ConnectStatus: BadConnectionClosed
[2026-09-20 12:22:31.896 (UTC+0800)] [32minfo/network[0m	TCP 6	| Socket closed
[2026-09-20 12:22:31.896 (UTC+0800)] [32minfo/channel[0m	TCP 7	| SC 1	| SecureChannel closed
[2026-09-20 12:22:31.896 (UTC+0800)] [32minfo/network[0m	TCP 7	| Socket closed
[2026-09-20 12:22:31.995 (UTC+0800)] [32minfo/eventloop[0m	Stopping the EventLoop
[2026-09-20 12:22:31.995 (UTC+0800)] [32minfo/network[0m	UDP	| Shutting down the ConnectionManager
[2026-09-20 12:22:31.995 (UTC+0800)] [32minfo/network[0m	TCP	| Shutting down the ConnectionManager
[2026-09-20 12:22:31.995 (UTC+0800)] [32minfo/eventloop[0m	The EventLoop has stopped
[2026-09-20 12:22:32.396 (UTC+0800)] [32minfo/network[0m	TCP 4	| Socket closed
[2026-09-20 12:22:32.495 (UTC+0800)] [32minfo/eventloop[0m	Stopping the EventLoop
[2026-09-20 12:22:32.496 (UTC+0800)] [32minfo/network[0m	ETH	| Shutting down the ConnectionManager
[2026-09-20 12:22:32.496 (UTC+0800)] [32minfo/network[0m	UDP	| Shutting down the ConnectionManager
[2026-09-20 12:22:32.496 (UTC+0800)] [32minfo/network[0m	TCP	| Shutting down the ConnectionManager
[2026-09-20 12:22:32.496 (UTC+0800)] [32minfo/eventloop[0m	The EventLoop has stopped
[2026-09-20 12:22:32.496 (UTC+0800)] [32minfo/server[0m	PubSub cleanup was called.
[       OK ] ClientTest.T2_ConnectSuccess (749 ms)
[ RUN      ] ClientTest.T3_ReadTestInt
[2026-09-20 12:22:32.497 (UTC+0800)] [32minfo/eventloop[0m	Starting the EventLoop
[2026-09-20 12:22:32.497 (UTC+0800)] [33mwarn/server[0m	AccessControl: Unconfigured AccessControl. Users have all permissions.
[2026-09-20 12:22:32.498 (UTC+0800)] [32minfo/server[0m	AccessControl: Anonymous login is enabled
[2026-09-20 12:22:32.498 (UTC+0800)] [33mwarn/server[0m	x509 Certificate Authentication configured, but no encrypting SecurityPolicy. This can leak credentials on the network.
[2026-09-20 12:22:32.499 (UTC+0800)] [32minfo/session[0m	TCP 0	| SC 0	| Session "Administrator"	| AddNode (i=15303): No TypeDefinition. Use the default TypeDefinition for the Variable/Object
[2026-09-20 12:22:32.504 (UTC+0800)] [32minfo/session[0m	TCP 0	| SC 0	| Session "Administrator"	| AddNode (i=25451): No TypeDefinition. Use the default TypeDefinition for the Variable/Object
[2026-09-20 12:22:32.538 (UTC+0800)] [33mwarn/userland[0m	ServerUrls already set. Overriding.
[2026-09-20 12:22:32.538 (UTC+0800)] [33mwarn/server[0m	AccessControl: Unconfigured AccessControl. Users have all permissions.
[2026-09-20 12:22:32.538 (UTC+0800)] [32minfo/server[0m	AccessControl: Anonymous login is enabled
[2026-09-20 12:22:32.538 (UTC+0800)] [33mwarn/server[0m	x509 Certificate Authentication configured, but no encrypting SecurityPolicy. This can leak credentials on the network.
[2026-09-20 12:22:32.538 (UTC+0800)] [33mwarn/server[0m	x509 Certificate Authentication configured, but no encrypting SecurityPolicy. This can leak credentials on the network.
[2026-09-20 12:22:32.538 (UTC+0800)] [32minfo/network[0m	TCP 4	| Creating listen socket for "127.0.0.1" on port 4842
[2026-09-20 12:22:32.538 (UTC+0800)] [32minfo/server[0m	New DiscoveryUrl added: opc.tcp://127.0.0.1:4842
[2026-09-20 12:22:32.548 (UTC+0800)] [32minfo/eventloop[0m	Starting the EventLoop
[2026-09-20 12:22:32.549 (UTC+0800)] [32minfo/network[0m	TCP 6	| Opening a connection to "127.0.0.1" on port 4842
[2026-09-20 12:22:32.549 (UTC+0800)] [32minfo/network[0m	TCP 7	| Connection opened from "127.0.0.1" via the server socket 4
[2026-09-20 12:22:32.549 (UTC+0800)] [32minfo/channel[0m	TCP 7	| SC 1	| SecureChannel created
[2026-09-20 12:22:32.549 (UTC+0800)] [32minfo/channel[0m	TCP 7	| SC 1	| SecureChannel opened with SecurityPolicy http://opcfoundation.org/UA/SecurityPolicy#None and a revised lifetime of 600.00s
[2026-09-20 12:22:32.549 (UTC+0800)] [32minfo/channel[0m	TCP 6	| SC 1	| SecureChannel opened with SecurityPolicy http://opcfoundation.org/UA/SecurityPolicy#None and a revised lifetime of 600.00s
[2026-09-20 12:22:32.550 (UTC+0800)] [32minfo/client[0m	Client Status: ChannelState: Open, SessionState: Closed, ConnectStatus: Good
[2026-09-20 12:22:32.550 (UTC+0800)] [32minfo/client[0m	Selected endpoint with EndpointUrl opc.tcp://127.0.0.1:4842, SecurityMode None and SecurityPolicy http://opcfoundation.org/UA/SecurityPolicy#None
[2026-09-20 12:22:32.557 (UTC+0800)] [32minfo/session[0m	TCP 7	| SC 1	| Session "ns=1;g=3b5bb2a3-ce9d-a912-0e30-23a250c55ce5"	| Session created
[2026-09-20 12:22:32.557 (UTC+0800)] [32minfo/client[0m	Client Status: ChannelState: Open, SessionState: Created, ConnectStatus: Good
[2026-09-20 12:22:32.557 (UTC+0800)] [32minfo/session[0m	TCP 7	| SC 1	| Session "ns=1;g=3b5bb2a3-ce9d-a912-0e30-23a250c55ce5"	| ActivateSession: Session activated with ClientUserId ""
[2026-09-20 12:22:32.557 (UTC+0800)] [32minfo/client[0m	Client Status: ChannelState: Open, SessionState: Activated, ConnectStatus: Good
[2026-09-20 12:22:32.558] [info] Watchdog thread started
[2026-09-20 12:22:32.608 (UTC+0800)] [32minfo/session[0m	TCP 7	| SC 1	| Session "ns=1;g=3b5bb2a3-ce9d-a912-0e30-23a250c55ce5"	| Closing the Session
[2026-09-20 12:22:32.608 (UTC+0800)] [32minfo/channel[0m	TCP 6	| SC 1	| SecureChannel closed
[2026-09-20 12:22:32.608 (UTC+0800)] [32minfo/client[0m	Client Status: ChannelState: Fresh, SessionState: Closed, ConnectStatus: BadConnectionClosed
[2026-09-20 12:22:32.609 (UTC+0800)] [32minfo/network[0m	TCP 6	| Socket closed
[2026-09-20 12:22:32.609 (UTC+0800)] [32minfo/channel[0m	TCP 7	| SC 1	| SecureChannel closed
[2026-09-20 12:22:32.609 (UTC+0800)] [32minfo/network[0m	TCP 7	| Socket closed
[2026-09-20 12:22:32.708 (UTC+0800)] [32minfo/eventloop[0m	Stopping the EventLoop
[2026-09-20 12:22:32.708 (UTC+0800)] [32minfo/network[0m	UDP	| Shutting down the ConnectionManager
[2026-09-20 12:22:32.708 (UTC+0800)] [32minfo/network[0m	TCP	| Shutting down the ConnectionManager
[2026-09-20 12:22:32.708 (UTC+0800)] [32minfo/eventloop[0m	The EventLoop has stopped
[2026-09-20 12:22:33.109 (UTC+0800)] [32minfo/network[0m	TCP 4	| Socket closed
[2026-09-20 12:22:33.208 (UTC+0800)] [32minfo/eventloop[0m	Stopping the EventLoop
[2026-09-20 12:22:33.208 (UTC+0800)] [32minfo/network[0m	ETH	| Shutting down the ConnectionManager
[2026-09-20 12:22:33.208 (UTC+0800)] [32minfo/network[0m	UDP	| Shutting down the ConnectionManager
[2026-09-20 12:22:33.208 (UTC+0800)] [32minfo/network[0m	TCP	| Shutting down the ConnectionManager
[2026-09-20 12:22:33.208 (UTC+0800)] [32minfo/eventloop[0m	The EventLoop has stopped
[2026-09-20 12:22:33.208 (UTC+0800)] [32minfo/server[0m	PubSub cleanup was called.
[       OK ] ClientTest.T3_ReadTestInt (713 ms)
[ RUN      ] ClientTest.T5_ConcurrentReadWrite_BoundedFail
[2026-09-20 12:22:33.210 (UTC+0800)] [32minfo/eventloop[0m	Starting the EventLoop
[2026-09-20 12:22:33.210 (UTC+0800)] [33mwarn/server[0m	AccessControl: Unconfigured AccessControl. Users have all permissions.
[2026-09-20 12:22:33.210 (UTC+0800)] [32minfo/server[0m	AccessControl: Anonymous login is enabled
[2026-09-20 12:22:33.210 (UTC+0800)] [33mwarn/server[0m	x509 Certificate Authentication configured, but no encrypting SecurityPolicy. This can leak credentials on the network.
[2026-09-20 12:22:33.212 (UTC+0800)] [32minfo/session[0m	TCP 0	| SC 0	| Session "Administrator"	| AddNode (i=15303): No TypeDefinition. Use the default TypeDefinition for the Variable/Object
[2026-09-20 12:22:33.215 (UTC+0800)] [32minfo/session[0m	TCP 0	| SC 0	| Session "Administrator"	| AddNode (i=25451): No TypeDefinition. Use the default TypeDefinition for the Variable/Object
[2026-09-20 12:22:33.249 (UTC+0800)] [33mwarn/userland[0m	ServerUrls already set. Overriding.
[2026-09-20 12:22:33.249 (UTC+0800)] [33mwarn/server[0m	AccessControl: Unconfigured AccessControl. Users have all permissions.
[2026-09-20 12:22:33.249 (UTC+0800)] [32minfo/server[0m	AccessControl: Anonymous login is enabled
[2026-09-20 12:22:33.249 (UTC+0800)] [33mwarn/server[0m	x509 Certificate Authentication configured, but no encrypting SecurityPolicy. This can leak credentials on the network.
[2026-09-20 12:22:33.249 (UTC+0800)] [33mwarn/server[0m	x509 Certificate Authentication configured, but no encrypting SecurityPolicy. This can leak credentials on the network.
[2026-09-20 12:22:33.249 (UTC+0800)] [32minfo/network[0m	TCP 4	| Creating listen socket for "127.0.0.1" on port 4843
[2026-09-20 12:22:33.250 (UTC+0800)] [32minfo/server[0m	New DiscoveryUrl added: opc.tcp://127.0.0.1:4843
[2026-09-20 12:22:33.250 (UTC+0800)] [32minfo/eventloop[0m	Starting the EventLoop
[2026-09-20 12:22:33.250 (UTC+0800)] [32minfo/network[0m	TCP 6	| Opening a connection to "127.0.0.1" on port 4843
[2026-09-20 12:22:33.251 (UTC+0800)] [32minfo/network[0m	TCP 7	| Connection opened from "127.0.0.1" via the server socket 4
[2026-09-20 12:22:33.251 (UTC+0800)] [32minfo/channel[0m	TCP 7	| SC 1	| SecureChannel created
[2026-09-20 12:22:33.251 (UTC+0800)] [32minfo/channel[0m	TCP 7	| SC 1	| SecureChannel opened with SecurityPolicy http://opcfoundation.org/UA/SecurityPolicy#None and a revised lifetime of 600.00s
[2026-09-20 12:22:33.251 (UTC+0800)] [32minfo/channel[0m	TCP 6	| SC 1	| SecureChannel opened with SecurityPolicy http://opcfoundation.org/UA/SecurityPolicy#None and a revised lifetime of 600.00s
[2026-09-20 12:22:33.251 (UTC+0800)] [32minfo/client[0m	Client Status: ChannelState: Open, SessionState: Closed, ConnectStatus: Good
[2026-09-20 12:22:33.252 (UTC+0800)] [32minfo/client[0m	Selected endpoint with EndpointUrl opc.tcp://127.0.0.1:4843, SecurityMode None and SecurityPolicy http://opcfoundation.org/UA/SecurityPolicy#None
[2026-09-20 12:22:33.258 (UTC+0800)] [32minfo/session[0m	TCP 7	| SC 1	| Session "ns=1;g=509a3854-db7e-6aec-8ee8-defdc69c8918"	| Session created
[2026-09-20 12:22:33.258 (UTC+0800)] [32minfo/client[0m	Client Status: ChannelState: Open, SessionState: Created, ConnectStatus: Good
[2026-09-20 12:22:33.259 (UTC+0800)] [32minfo/session[0m	TCP 7	| SC 1	| Session "ns=1;g=509a3854-db7e-6aec-8ee8-defdc69c8918"	| ActivateSession: Session activated with ClientUserId ""
[2026-09-20 12:22:33.259 (UTC+0800)] [32minfo/client[0m	Client Status: ChannelState: Open, SessionState: Activated, ConnectStatus: Good
[2026-09-20 12:22:33.259] [info] Watchdog thread started
[2026-09-20 12:22:33.489 (UTC+0800)] [32minfo/session[0m	TCP 7	| SC 1	| Session "ns=1;g=509a3854-db7e-6aec-8ee8-defdc69c8918"	| Closing the Session
[2026-09-20 12:22:33.489 (UTC+0800)] [32minfo/channel[0m	TCP 6	| SC 1	| SecureChannel closed
[2026-09-20 12:22:33.489 (UTC+0800)] [32minfo/client[0m	Client Status: ChannelState: Fresh, SessionState: Closed, ConnectStatus: BadConnectionClosed
[2026-09-20 12:22:33.489 (UTC+0800)] [32minfo/network[0m	TCP 6	| Socket closed
[2026-09-20 12:22:33.489 (UTC+0800)] [32minfo/channel[0m	TCP 7	| SC 1	| SecureChannel closed
[2026-09-20 12:22:33.489 (UTC+0800)] [32minfo/network[0m	TCP 7	| Socket closed
[2026-09-20 12:22:33.588 (UTC+0800)] [32minfo/eventloop[0m	Stopping the EventLoop
[2026-09-20 12:22:33.588 (UTC+0800)] [32minfo/network[0m	UDP	| Shutting down the ConnectionManager
[2026-09-20 12:22:33.588 (UTC+0800)] [32minfo/network[0m	TCP	| Shutting down the ConnectionManager
[2026-09-20 12:22:33.588 (UTC+0800)] [32minfo/eventloop[0m	The EventLoop has stopped
[2026-09-20 12:22:33.990 (UTC+0800)] [32minfo/network[0m	TCP 4	| Socket closed
[2026-09-20 12:22:34.089 (UTC+0800)] [32minfo/eventloop[0m	Stopping the EventLoop
[2026-09-20 12:22:34.089 (UTC+0800)] [32minfo/network[0m	ETH	| Shutting down the ConnectionManager
[2026-09-20 12:22:34.089 (UTC+0800)] [32minfo/network[0m	UDP	| Shutting down the ConnectionManager
[2026-09-20 12:22:34.089 (UTC+0800)] [32minfo/network[0m	TCP	| Shutting down the ConnectionManager
[2026-09-20 12:22:34.089 (UTC+0800)] [32minfo/eventloop[0m	The EventLoop has stopped
[2026-09-20 12:22:34.089 (UTC+0800)] [32minfo/server[0m	PubSub cleanup was called.
[       OK ] ClientTest.T5_ConcurrentReadWrite_BoundedFail (880 ms)
[ RUN      ] ClientTest.TD_CreateShutdownLifecycleNoLeak
[2026-09-20 12:22:34.091 (UTC+0800)] [32minfo/eventloop[0m	Starting the EventLoop
[2026-09-20 12:22:34.091 (UTC+0800)] [33mwarn/server[0m	AccessControl: Unconfigured AccessControl. Users have all permissions.
[2026-09-20 12:22:34.091 (UTC+0800)] [32minfo/server[0m	AccessControl: Anonymous login is enabled
[2026-09-20 12:22:34.091 (UTC+0800)] [33mwarn/server[0m	x509 Certificate Authentication configured, but no encrypting SecurityPolicy. This can leak credentials on the network.
[2026-09-20 12:22:34.092 (UTC+0800)] [32minfo/session[0m	TCP 0	| SC 0	| Session "Administrator"	| AddNode (i=15303): No TypeDefinition. Use the default TypeDefinition for the Variable/Object
[2026-09-20 12:22:34.096 (UTC+0800)] [32minfo/session[0m	TCP 0	| SC 0	| Session "Administrator"	| AddNode (i=25451): No TypeDefinition. Use the default TypeDefinition for the Variable/Object
[2026-09-20 12:22:34.131 (UTC+0800)] [33mwarn/userland[0m	ServerUrls already set. Overriding.
[2026-09-20 12:22:34.131 (UTC+0800)] [33mwarn/server[0m	AccessControl: Unconfigured AccessControl. Users have all permissions.
[2026-09-20 12:22:34.131 (UTC+0800)] [32minfo/server[0m	AccessControl: Anonymous login is enabled
[2026-09-20 12:22:34.131 (UTC+0800)] [33mwarn/server[0m	x509 Certificate Authentication configured, but no encrypting SecurityPolicy. This can leak credentials on the network.
[2026-09-20 12:22:34.131 (UTC+0800)] [33mwarn/server[0m	x509 Certificate Authentication configured, but no encrypting SecurityPolicy. This can leak credentials on the network.
[2026-09-20 12:22:34.131 (UTC+0800)] [32minfo/network[0m	TCP 4	| Creating listen socket for "127.0.0.1" on port 4844
[2026-09-20 12:22:34.131 (UTC+0800)] [32minfo/server[0m	New DiscoveryUrl added: opc.tcp://127.0.0.1:4844
[2026-09-20 12:22:34.132 (UTC+0800)] [32minfo/eventloop[0m	Starting the EventLoop
[2026-09-20 12:22:34.132 (UTC+0800)] [32minfo/network[0m	TCP 6	| Opening a connection to "127.0.0.1" on port 4844
[2026-09-20 12:22:34.132 (UTC+0800)] [32minfo/network[0m	TCP 7	| Connection opened from "127.0.0.1" via the server socket 4
[2026-09-20 12:22:34.132 (UTC+0800)] [32minfo/channel[0m	TCP 7	| SC 1	| SecureChannel created
[2026-09-20 12:22:34.133 (UTC+0800)] [32minfo/channel[0m	TCP 7	| SC 1	| SecureChannel opened with SecurityPolicy http://opcfoundation.org/UA/SecurityPolicy#None and a revised lifetime of 600.00s
[2026-09-20 12:22:34.133 (UTC+0800)] [32minfo/channel[0m	TCP 6	| SC 1	| SecureChannel opened with SecurityPolicy http://opcfoundation.org/UA/SecurityPolicy#None and a revised lifetime of 600.00s
[2026-09-20 12:22:34.133 (UTC+0800)] [32minfo/client[0m	Client Status: ChannelState: Open, SessionState: Closed, ConnectStatus: Good
[2026-09-20 12:22:34.134 (UTC+0800)] [32minfo/client[0m	Selected endpoint with EndpointUrl opc.tcp://127.0.0.1:4844, SecurityMode None and SecurityPolicy http://opcfoundation.org/UA/SecurityPolicy#None
[2026-09-20 12:22:34.141 (UTC+0800)] [32minfo/session[0m	TCP 7	| SC 1	| Session "ns=1;g=422840ce-e67c-bc94-8aa8-faef7677d7ad"	| Session created
[2026-09-20 12:22:34.141 (UTC+0800)] [32minfo/client[0m	Client Status: ChannelState: Open, SessionState: Created, ConnectStatus: Good
[2026-09-20 12:22:34.141 (UTC+0800)] [32minfo/session[0m	TCP 7	| SC 1	| Session "ns=1;g=422840ce-e67c-bc94-8aa8-faef7677d7ad"	| ActivateSession: Session activated with ClientUserId ""
[2026-09-20 12:22:34.141 (UTC+0800)] [32minfo/client[0m	Client Status: ChannelState: Open, SessionState: Activated, ConnectStatus: Good
[2026-09-20 12:22:34.142] [info] Watchdog thread started
[2026-09-20 12:22:34.143 (UTC+0800)] [32minfo/session[0m	TCP 7	| SC 1	| Session "ns=1;g=422840ce-e67c-bc94-8aa8-faef7677d7ad"	| Closing the Session
[2026-09-20 12:22:34.143 (UTC+0800)] [32minfo/channel[0m	TCP 6	| SC 1	| SecureChannel closed
[2026-09-20 12:22:34.143 (UTC+0800)] [32minfo/client[0m	Client Status: ChannelState: Fresh, SessionState: Closed, ConnectStatus: BadConnectionClosed
[2026-09-20 12:22:34.143 (UTC+0800)] [32minfo/network[0m	TCP 6	| Socket closed
[2026-09-20 12:22:34.143 (UTC+0800)] [32minfo/channel[0m	TCP 7	| SC 1	| SecureChannel closed
[2026-09-20 12:22:34.143 (UTC+0800)] [32minfo/network[0m	TCP 7	| Socket closed
[2026-09-20 12:22:34.242 (UTC+0800)] [32minfo/eventloop[0m	Stopping the EventLoop
[2026-09-20 12:22:34.242 (UTC+0800)] [32minfo/network[0m	UDP	| Shutting down the ConnectionManager
[2026-09-20 12:22:34.242 (UTC+0800)] [32minfo/network[0m	TCP	| Shutting down the ConnectionManager
[2026-09-20 12:22:34.242 (UTC+0800)] [32minfo/eventloop[0m	The EventLoop has stopped
[2026-09-20 12:22:34.243 (UTC+0800)] [32minfo/eventloop[0m	Starting the EventLoop
[2026-09-20 12:22:34.243 (UTC+0800)] [32minfo/network[0m	TCP 6	| Opening a connection to "127.0.0.1" on port 4844
[2026-09-20 12:22:34.243 (UTC+0800)] [32minfo/network[0m	TCP 7	| Connection opened from "127.0.0.1" via the server socket 4
[2026-09-20 12:22:34.243 (UTC+0800)] [32minfo/channel[0m	TCP 7	| SC 2	| SecureChannel created
[2026-09-20 12:22:34.244 (UTC+0800)] [32minfo/channel[0m	TCP 7	| SC 2	| SecureChannel opened with SecurityPolicy http://opcfoundation.org/UA/SecurityPolicy#None and a revised lifetime of 600.00s
[2026-09-20 12:22:34.244 (UTC+0800)] [32minfo/channel[0m	TCP 6	| SC 2	| SecureChannel opened with SecurityPolicy http://opcfoundation.org/UA/SecurityPolicy#None and a revised lifetime of 600.00s
[2026-09-20 12:22:34.244 (UTC+0800)] [32minfo/client[0m	Client Status: ChannelState: Open, SessionState: Closed, ConnectStatus: Good
[2026-09-20 12:22:34.245 (UTC+0800)] [32minfo/client[0m	Selected endpoint with EndpointUrl opc.tcp://127.0.0.1:4844, SecurityMode None and SecurityPolicy http://opcfoundation.org/UA/SecurityPolicy#None
[2026-09-20 12:22:34.252 (UTC+0800)] [32minfo/session[0m	TCP 7	| SC 2	| Session "ns=1;g=6bb5fc4c-8792-e116-3eb3-2bb218a1aa1a"	| Session created
[2026-09-20 12:22:34.252 (UTC+0800)] [32minfo/client[0m	Client Status: ChannelState: Open, SessionState: Created, ConnectStatus: Good
[2026-09-20 12:22:34.252 (UTC+0800)] [32minfo/session[0m	TCP 7	| SC 2	| Session "ns=1;g=6bb5fc4c-8792-e116-3eb3-2bb218a1aa1a"	| ActivateSession: Session activated with ClientUserId ""
[2026-09-20 12:22:34.252 (UTC+0800)] [32minfo/client[0m	Client Status: ChannelState: Open, SessionState: Activated, ConnectStatus: Good
[2026-09-20 12:22:34.253] [info] Watchdog thread started
[2026-09-20 12:22:34.253 (UTC+0800)] [32minfo/session[0m	TCP 7	| SC 2	| Session "ns=1;g=6bb5fc4c-8792-e116-3eb3-2bb218a1aa1a"	| Closing the Session
[2026-09-20 12:22:34.254 (UTC+0800)] [32minfo/channel[0m	TCP 6	| SC 2	| SecureChannel closed
[2026-09-20 12:22:34.254 (UTC+0800)] [32minfo/client[0m	Client Status: ChannelState: Fresh, SessionState: Closed, ConnectStatus: BadConnectionClosed
[2026-09-20 12:22:34.254 (UTC+0800)] [32minfo/network[0m	TCP 6	| Socket closed
[2026-09-20 12:22:34.254 (UTC+0800)] [32minfo/channel[0m	TCP 7	| SC 2	| SecureChannel closed
[2026-09-20 12:22:34.254 (UTC+0800)] [32minfo/network[0m	TCP 7	| Socket closed
[2026-09-20 12:22:34.353 (UTC+0800)] [32minfo/eventloop[0m	Stopping the EventLoop
[2026-09-20 12:22:34.353 (UTC+0800)] [32minfo/network[0m	UDP	| Shutting down the ConnectionManager
[2026-09-20 12:22:34.353 (UTC+0800)] [32minfo/network[0m	TCP	| Shutting down the ConnectionManager
[2026-09-20 12:22:34.353 (UTC+0800)] [32minfo/eventloop[0m	The EventLoop has stopped
[2026-09-20 12:22:34.353 (UTC+0800)] [32minfo/eventloop[0m	Starting the EventLoop
[2026-09-20 12:22:34.354 (UTC+0800)] [32minfo/network[0m	TCP 6	| Opening a connection to "127.0.0.1" on port 4844
[2026-09-20 12:22:34.354 (UTC+0800)] [32minfo/network[0m	TCP 7	| Connection opened from "127.0.0.1" via the server socket 4
[2026-09-20 12:22:34.354 (UTC+0800)] [32minfo/channel[0m	TCP 7	| SC 3	| SecureChannel created
[2026-09-20 12:22:34.354 (UTC+0800)] [32minfo/channel[0m	TCP 7	| SC 3	| SecureChannel opened with SecurityPolicy http://opcfoundation.org/UA/SecurityPolicy#None and a revised lifetime of 600.00s
[2026-09-20 12:22:34.354 (UTC+0800)] [32minfo/channel[0m	TCP 6	| SC 3	| SecureChannel opened with SecurityPolicy http://opcfoundation.org/UA/SecurityPolicy#None and a revised lifetime of 600.00s
[2026-09-20 12:22:34.354 (UTC+0800)] [32minfo/client[0m	Client Status: ChannelState: Open, SessionState: Closed, ConnectStatus: Good
[2026-09-20 12:22:34.355 (UTC+0800)] [32minfo/client[0m	Selected endpoint with EndpointUrl opc.tcp://127.0.0.1:4844, SecurityMode None and SecurityPolicy http://opcfoundation.org/UA/SecurityPolicy#None
[2026-09-20 12:22:34.361 (UTC+0800)] [32minfo/session[0m	TCP 7	| SC 3	| Session "ns=1;g=372f926f-bdc3-8b8e-e2ae-2a32545545b4"	| Session created
[2026-09-20 12:22:34.362 (UTC+0800)] [32minfo/client[0m	Client Status: ChannelState: Open, SessionState: Created, ConnectStatus: Good
[2026-09-20 12:22:34.362 (UTC+0800)] [32minfo/session[0m	TCP 7	| SC 3	| Session "ns=1;g=372f926f-bdc3-8b8e-e2ae-2a32545545b4"	| ActivateSession: Session activated with ClientUserId ""
[2026-09-20 12:22:34.362 (UTC+0800)] [32minfo/client[0m	Client Status: ChannelState: Open, SessionState: Activated, ConnectStatus: Good
[2026-09-20 12:22:34.362] [info] Watchdog thread started
[2026-09-20 12:22:34.363 (UTC+0800)] [32minfo/session[0m	TCP 7	| SC 3	| Session "ns=1;g=372f926f-bdc3-8b8e-e2ae-2a32545545b4"	| Closing the Session
[2026-09-20 12:22:34.363 (UTC+0800)] [32minfo/channel[0m	TCP 6	| SC 3	| SecureChannel closed
[2026-09-20 12:22:34.363 (UTC+0800)] [32minfo/client[0m	Client Status: ChannelState: Fresh, SessionState: Closed, ConnectStatus: BadConnectionClosed
[2026-09-20 12:22:34.363 (UTC+0800)] [32minfo/network[0m	TCP 6	| Socket closed
[2026-09-20 12:22:34.364 (UTC+0800)] [32minfo/channel[0m	TCP 7	| SC 3	| SecureChannel closed
[2026-09-20 12:22:34.364 (UTC+0800)] [32minfo/network[0m	TCP 7	| Socket closed
[2026-09-20 12:22:34.463 (UTC+0800)] [32minfo/eventloop[0m	Stopping the EventLoop
[2026-09-20 12:22:34.463 (UTC+0800)] [32minfo/network[0m	UDP	| Shutting down the ConnectionManager
[2026-09-20 12:22:34.463 (UTC+0800)] [32minfo/network[0m	TCP	| Shutting down the ConnectionManager
[2026-09-20 12:22:34.463 (UTC+0800)] [32minfo/eventloop[0m	The EventLoop has stopped
[2026-09-20 12:22:34.463 (UTC+0800)] [32minfo/eventloop[0m	Starting the EventLoop
[2026-09-20 12:22:34.463 (UTC+0800)] [32minfo/network[0m	TCP 6	| Opening a connection to "127.0.0.1" on port 4844
[2026-09-20 12:22:34.464 (UTC+0800)] [32minfo/network[0m	TCP 7	| Connection opened from "127.0.0.1" via the server socket 4
[2026-09-20 12:22:34.464 (UTC+0800)] [32minfo/channel[0m	TCP 7	| SC 4	| SecureChannel created
[2026-09-20 12:22:34.464 (UTC+0800)] [32minfo/channel[0m	TCP 7	| SC 4	| SecureChannel opened with SecurityPolicy http://opcfoundation.org/UA/SecurityPolicy#None and a revised lifetime of 600.00s
[2026-09-20 12:22:34.464 (UTC+0800)] [32minfo/channel[0m	TCP 6	| SC 4	| SecureChannel opened with SecurityPolicy http://opcfoundation.org/UA/SecurityPolicy#None and a revised lifetime of 600.00s
[2026-09-20 12:22:34.464 (UTC+0800)] [32minfo/client[0m	Client Status: ChannelState: Open, SessionState: Closed, ConnectStatus: Good
[2026-09-20 12:22:34.465 (UTC+0800)] [32minfo/client[0m	Selected endpoint with EndpointUrl opc.tcp://127.0.0.1:4844, SecurityMode None and SecurityPolicy http://opcfoundation.org/UA/SecurityPolicy#None
[2026-09-20 12:22:34.472 (UTC+0800)] [32minfo/session[0m	TCP 7	| SC 4	| Session "ns=1;g=3d04c244-f97c-a507-f65f-4594eb7e5735"	| Session created
[2026-09-20 12:22:34.472 (UTC+0800)] [32minfo/client[0m	Client Status: ChannelState: Open, SessionState: Created, ConnectStatus: Good
[2026-09-20 12:22:34.472 (UTC+0800)] [32minfo/session[0m	TCP 7	| SC 4	| Session "ns=1;g=3d04c244-f97c-a507-f65f-4594eb7e5735"	| ActivateSession: Session activated with ClientUserId ""
[2026-09-20 12:22:34.472 (UTC+0800)] [32minfo/client[0m	Client Status: ChannelState: Open, SessionState: Activated, ConnectStatus: Good
[2026-09-20 12:22:34.473] [info] Watchdog thread started
[2026-09-20 12:22:34.473 (UTC+0800)] [32minfo/session[0m	TCP 7	| SC 4	| Session "ns=1;g=3d04c244-f97c-a507-f65f-4594eb7e5735"	| Closing the Session
[2026-09-20 12:22:34.474 (UTC+0800)] [32minfo/channel[0m	TCP 6	| SC 4	| SecureChannel closed
[2026-09-20 12:22:34.474 (UTC+0800)] [32minfo/client[0m	Client Status: ChannelState: Fresh, SessionState: Closed, ConnectStatus: BadConnectionClosed
[2026-09-20 12:22:34.474 (UTC+0800)] [32minfo/network[0m	TCP 6	| Socket closed
[2026-09-20 12:22:34.474 (UTC+0800)] [32minfo/channel[0m	TCP 7	| SC 4	| SecureChannel closed
[2026-09-20 12:22:34.474 (UTC+0800)] [32minfo/network[0m	TCP 7	| Socket closed
[2026-09-20 12:22:34.573 (UTC+0800)] [32minfo/eventloop[0m	Stopping the EventLoop
[2026-09-20 12:22:34.573 (UTC+0800)] [32minfo/network[0m	UDP	| Shutting down the ConnectionManager
[2026-09-20 12:22:34.573 (UTC+0800)] [32minfo/network[0m	TCP	| Shutting down the ConnectionManager
[2026-09-20 12:22:34.573 (UTC+0800)] [32minfo/eventloop[0m	The EventLoop has stopped
[2026-09-20 12:22:34.573 (UTC+0800)] [32minfo/eventloop[0m	Starting the EventLoop
[2026-09-20 12:22:34.574 (UTC+0800)] [32minfo/network[0m	TCP 6	| Opening a connection to "127.0.0.1" on port 4844
[2026-09-20 12:22:34.574 (UTC+0800)] [32minfo/network[0m	TCP 7	| Connection opened from "127.0.0.1" via the server socket 4
[2026-09-20 12:22:34.574 (UTC+0800)] [32minfo/channel[0m	TCP 7	| SC 5	| SecureChannel created
[2026-09-20 12:22:34.574 (UTC+0800)] [32minfo/channel[0m	TCP 7	| SC 5	| SecureChannel opened with SecurityPolicy http://opcfoundation.org/UA/SecurityPolicy#None and a revised lifetime of 600.00s
[2026-09-20 12:22:34.574 (UTC+0800)] [32minfo/channel[0m	TCP 6	| SC 5	| SecureChannel opened with SecurityPolicy http://opcfoundation.org/UA/SecurityPolicy#None and a revised lifetime of 600.00s
[2026-09-20 12:22:34.575 (UTC+0800)] [32minfo/client[0m	Client Status: ChannelState: Open, SessionState: Closed, ConnectStatus: Good
[2026-09-20 12:22:34.575 (UTC+0800)] [32minfo/client[0m	Selected endpoint with EndpointUrl opc.tcp://127.0.0.1:4844, SecurityMode None and SecurityPolicy http://opcfoundation.org/UA/SecurityPolicy#None
[2026-09-20 12:22:34.583 (UTC+0800)] [32minfo/session[0m	TCP 7	| SC 5	| Session "ns=1;g=bdd45700-3a26-a953-5f25-e2aeffbf0bb0"	| Session created
[2026-09-20 12:22:34.583 (UTC+0800)] [32minfo/client[0m	Client Status: ChannelState: Open, SessionState: Created, ConnectStatus: Good
[2026-09-20 12:22:34.583 (UTC+0800)] [32minfo/session[0m	TCP 7	| SC 5	| Session "ns=1;g=bdd45700-3a26-a953-5f25-e2aeffbf0bb0"	| ActivateSession: Session activated with ClientUserId ""
[2026-09-20 12:22:34.583 (UTC+0800)] [32minfo/client[0m	Client Status: ChannelState: Open, SessionState: Activated, ConnectStatus: Good
[2026-09-20 12:22:34.583] [info] Watchdog thread started
[2026-09-20 12:22:34.584 (UTC+0800)] [32minfo/session[0m	TCP 7	| SC 5	| Session "ns=1;g=bdd45700-3a26-a953-5f25-e2aeffbf0bb0"	| Closing the Session
[2026-09-20 12:22:34.584 (UTC+0800)] [32minfo/channel[0m	TCP 6	| SC 5	| SecureChannel closed
[2026-09-20 12:22:34.584 (UTC+0800)] [32minfo/client[0m	Client Status: ChannelState: Fresh, SessionState: Closed, ConnectStatus: BadConnectionClosed
[2026-09-20 12:22:34.584 (UTC+0800)] [32minfo/network[0m	TCP 6	| Socket closed
[2026-09-20 12:22:34.584 (UTC+0800)] [32minfo/channel[0m	TCP 7	| SC 5	| SecureChannel closed
[2026-09-20 12:22:34.585 (UTC+0800)] [32minfo/network[0m	TCP 7	| Socket closed
[2026-09-20 12:22:34.683 (UTC+0800)] [32minfo/eventloop[0m	Stopping the EventLoop
[2026-09-20 12:22:34.684 (UTC+0800)] [32minfo/network[0m	UDP	| Shutting down the ConnectionManager
[2026-09-20 12:22:34.684 (UTC+0800)] [32minfo/network[0m	TCP	| Shutting down the ConnectionManager
[2026-09-20 12:22:34.684 (UTC+0800)] [32minfo/eventloop[0m	The EventLoop has stopped
[2026-09-20 12:22:34.684 (UTC+0800)] [32minfo/eventloop[0m	Starting the EventLoop
[2026-09-20 12:22:34.684 (UTC+0800)] [32minfo/network[0m	TCP 6	| Opening a connection to "127.0.0.1" on port 4844
[2026-09-20 12:22:34.684 (UTC+0800)] [32minfo/network[0m	TCP 7	| Connection opened from "127.0.0.1" via the server socket 4
[2026-09-20 12:22:34.684 (UTC+0800)] [32minfo/channel[0m	TCP 7	| SC 6	| SecureChannel created
[2026-09-20 12:22:34.685 (UTC+0800)] [32minfo/channel[0m	TCP 7	| SC 6	| SecureChannel opened with SecurityPolicy http://opcfoundation.org/UA/SecurityPolicy#None and a revised lifetime of 600.00s
[2026-09-20 12:22:34.685 (UTC+0800)] [32minfo/channel[0m	TCP 6	| SC 6	| SecureChannel opened with SecurityPolicy http://opcfoundation.org/UA/SecurityPolicy#None and a revised lifetime of 600.00s
[2026-09-20 12:22:34.685 (UTC+0800)] [32minfo/client[0m	Client Status: ChannelState: Open, SessionState: Closed, ConnectStatus: Good
[2026-09-20 12:22:34.686 (UTC+0800)] [32minfo/client[0m	Selected endpoint with EndpointUrl opc.tcp://127.0.0.1:4844, SecurityMode None and SecurityPolicy http://opcfoundation.org/UA/SecurityPolicy#None
[2026-09-20 12:22:34.692 (UTC+0800)] [32minfo/session[0m	TCP 7	| SC 6	| Session "ns=1;g=f67d143e-2fc5-5e59-2502-10f13133e3ee"	| Session created
[2026-09-20 12:22:34.692 (UTC+0800)] [32minfo/client[0m	Client Status: ChannelState: Open, SessionState: Created, ConnectStatus: Good
[2026-09-20 12:22:34.692 (UTC+0800)] [32minfo/session[0m	TCP 7	| SC 6	| Session "ns=1;g=f67d143e-2fc5-5e59-2502-10f13133e3ee"	| ActivateSession: Session activated with ClientUserId ""
[2026-09-20 12:22:34.693 (UTC+0800)] [32minfo/client[0m	Client Status: ChannelState: Open, SessionState: Activated, ConnectStatus: Good
[2026-09-20 12:22:34.693] [info] Watchdog thread started
[2026-09-20 12:22:34.693 (UTC+0800)] [32minfo/session[0m	TCP 7	| SC 6	| Session "ns=1;g=f67d143e-2fc5-5e59-2502-10f13133e3ee"	| Closing the Session
[2026-09-20 12:22:34.694 (UTC+0800)] [32minfo/channel[0m	TCP 6	| SC 6	| SecureChannel closed
[2026-09-20 12:22:34.694 (UTC+0800)] [32minfo/client[0m	Client Status: ChannelState: Fresh, SessionState: Closed, ConnectStatus: BadConnectionClosed
[2026-09-20 12:22:34.694 (UTC+0800)] [32minfo/network[0m	TCP 6	| Socket closed
[2026-09-20 12:22:34.694 (UTC+0800)] [32minfo/channel[0m	TCP 7	| SC 6	| SecureChannel closed
[2026-09-20 12:22:34.694 (UTC+0800)] [32minfo/network[0m	TCP 7	| Socket closed
[2026-09-20 12:22:34.793 (UTC+0800)] [32minfo/eventloop[0m	Stopping the EventLoop
[2026-09-20 12:22:34.793 (UTC+0800)] [32minfo/network[0m	UDP	| Shutting down the ConnectionManager
[2026-09-20 12:22:34.793 (UTC+0800)] [32minfo/network[0m	TCP	| Shutting down the ConnectionManager
[2026-09-20 12:22:34.793 (UTC+0800)] [32minfo/eventloop[0m	The EventLoop has stopped
[2026-09-20 12:22:34.794 (UTC+0800)] [32minfo/eventloop[0m	Starting the EventLoop
[2026-09-20 12:22:34.794 (UTC+0800)] [32minfo/network[0m	TCP 6	| Opening a connection to "127.0.0.1" on port 4844
[2026-09-20 12:22:34.794 (UTC+0800)] [32minfo/network[0m	TCP 7	| Connection opened from "127.0.0.1" via the server socket 4
[2026-09-20 12:22:34.794 (UTC+0800)] [32minfo/channel[0m	TCP 7	| SC 7	| SecureChannel created
[2026-09-20 12:22:34.795 (UTC+0800)] [32minfo/channel[0m	TCP 7	| SC 7	| SecureChannel opened with SecurityPolicy http://opcfoundation.org/UA/SecurityPolicy#None and a revised lifetime of 600.00s
[2026-09-20 12:22:34.795 (UTC+0800)] [32minfo/channel[0m	TCP 6	| SC 7	| SecureChannel opened with SecurityPolicy http://opcfoundation.org/UA/SecurityPolicy#None and a revised lifetime of 600.00s
[2026-09-20 12:22:34.795 (UTC+0800)] [32minfo/client[0m	Client Status: ChannelState: Open, SessionState: Closed, ConnectStatus: Good
[2026-09-20 12:22:34.795 (UTC+0800)] [32minfo/client[0m	Selected endpoint with EndpointUrl opc.tcp://127.0.0.1:4844, SecurityMode None and SecurityPolicy http://opcfoundation.org/UA/SecurityPolicy#None
[2026-09-20 12:22:34.802 (UTC+0800)] [32minfo/session[0m	TCP 7	| SC 7	| Session "ns=1;g=72858a70-d20c-7806-1b61-a60af28f8808"	| Session created
[2026-09-20 12:22:34.802 (UTC+0800)] [32minfo/client[0m	Client Status: ChannelState: Open, SessionState: Created, ConnectStatus: Good
[2026-09-20 12:22:34.802 (UTC+0800)] [32minfo/session[0m	TCP 7	| SC 7	| Session "ns=1;g=72858a70-d20c-7806-1b61-a60af28f8808"	| ActivateSession: Session activated with ClientUserId ""
[2026-09-20 12:22:34.803 (UTC+0800)] [32minfo/client[0m	Client Status: ChannelState: Open, SessionState: Activated, ConnectStatus: Good
[2026-09-20 12:22:34.803] [info] Watchdog thread started
[2026-09-20 12:22:34.803 (UTC+0800)] [32minfo/session[0m	TCP 7	| SC 7	| Session "ns=1;g=72858a70-d20c-7806-1b61-a60af28f8808"	| Closing the Session
[2026-09-20 12:22:34.804 (UTC+0800)] [32minfo/channel[0m	TCP 6	| SC 7	| SecureChannel closed
[2026-09-20 12:22:34.804 (UTC+0800)] [32minfo/client[0m	Client Status: ChannelState: Fresh, SessionState: Closed, ConnectStatus: BadConnectionClosed
[2026-09-20 12:22:34.804 (UTC+0800)] [32minfo/network[0m	TCP 6	| Socket closed
[2026-09-20 12:22:34.804 (UTC+0800)] [32minfo/channel[0m	TCP 7	| SC 7	| SecureChannel closed
[2026-09-20 12:22:34.804 (UTC+0800)] [32minfo/network[0m	TCP 7	| Socket closed
[2026-09-20 12:22:34.903 (UTC+0800)] [32minfo/eventloop[0m	Stopping the EventLoop
[2026-09-20 12:22:34.903 (UTC+0800)] [32minfo/network[0m	UDP	| Shutting down the ConnectionManager
[2026-09-20 12:22:34.903 (UTC+0800)] [32minfo/network[0m	TCP	| Shutting down the ConnectionManager
[2026-09-20 12:22:34.903 (UTC+0800)] [32minfo/eventloop[0m	The EventLoop has stopped
[2026-09-20 12:22:34.903 (UTC+0800)] [32minfo/eventloop[0m	Starting the EventLoop
[2026-09-20 12:22:34.904 (UTC+0800)] [32minfo/network[0m	TCP 6	| Opening a connection to "127.0.0.1" on port 4844
[2026-09-20 12:22:34.904 (UTC+0800)] [32minfo/network[0m	TCP 7	| Connection opened from "127.0.0.1" via the server socket 4
[2026-09-20 12:22:34.904 (UTC+0800)] [32minfo/channel[0m	TCP 7	| SC 8	| SecureChannel created
[2026-09-20 12:22:34.904 (UTC+0800)] [32minfo/channel[0m	TCP 7	| SC 8	| SecureChannel opened with SecurityPolicy http://opcfoundation.org/UA/SecurityPolicy#None and a revised lifetime of 600.00s
[2026-09-20 12:22:34.904 (UTC+0800)] [32minfo/channel[0m	TCP 6	| SC 8	| SecureChannel opened with SecurityPolicy http://opcfoundation.org/UA/SecurityPolicy#None and a revised lifetime of 600.00s
[2026-09-20 12:22:34.904 (UTC+0800)] [32minfo/client[0m	Client Status: ChannelState: Open, SessionState: Closed, ConnectStatus: Good
[2026-09-20 12:22:34.905 (UTC+0800)] [32minfo/client[0m	Selected endpoint with EndpointUrl opc.tcp://127.0.0.1:4844, SecurityMode None and SecurityPolicy http://opcfoundation.org/UA/SecurityPolicy#None
[2026-09-20 12:22:34.911 (UTC+0800)] [32minfo/session[0m	TCP 7	| SC 8	| Session "ns=1;g=57b866b1-b98a-5756-cf2c-a23aa84a14d1"	| Session created
[2026-09-20 12:22:34.912 (UTC+0800)] [32minfo/client[0m	Client Status: ChannelState: Open, SessionState: Created, ConnectStatus: Good
[2026-09-20 12:22:34.912 (UTC+0800)] [32minfo/session[0m	TCP 7	| SC 8	| Session "ns=1;g=57b866b1-b98a-5756-cf2c-a23aa84a14d1"	| ActivateSession: Session activated with ClientUserId ""
[2026-09-20 12:22:34.912 (UTC+0800)] [32minfo/client[0m	Client Status: ChannelState: Open, SessionState: Activated, ConnectStatus: Good
[2026-09-20 12:22:34.912] [info] Watchdog thread started
[2026-09-20 12:22:34.913 (UTC+0800)] [32minfo/session[0m	TCP 7	| SC 8	| Session "ns=1;g=57b866b1-b98a-5756-cf2c-a23aa84a14d1"	| Closing the Session
[2026-09-20 12:22:34.913 (UTC+0800)] [32minfo/channel[0m	TCP 6	| SC 8	| SecureChannel closed
[2026-09-20 12:22:34.913 (UTC+0800)] [32minfo/client[0m	Client Status: ChannelState: Fresh, SessionState: Closed, ConnectStatus: BadConnectionClosed
[2026-09-20 12:22:34.913 (UTC+0800)] [32minfo/network[0m	TCP 6	| Socket closed
[2026-09-20 12:22:34.913 (UTC+0800)] [32minfo/channel[0m	TCP 7	| SC 8	| SecureChannel closed
[2026-09-20 12:22:34.913 (UTC+0800)] [32minfo/network[0m	TCP 7	| Socket closed
[2026-09-20 12:22:35.012 (UTC+0800)] [32minfo/eventloop[0m	Stopping the EventLoop
[2026-09-20 12:22:35.013 (UTC+0800)] [32minfo/network[0m	UDP	| Shutting down the ConnectionManager
[2026-09-20 12:22:35.013 (UTC+0800)] [32minfo/network[0m	TCP	| Shutting down the ConnectionManager
[2026-09-20 12:22:35.013 (UTC+0800)] [32minfo/eventloop[0m	The EventLoop has stopped
[2026-09-20 12:22:35.013 (UTC+0800)] [32minfo/eventloop[0m	Starting the EventLoop
[2026-09-20 12:22:35.013 (UTC+0800)] [32minfo/network[0m	TCP 6	| Opening a connection to "127.0.0.1" on port 4844
[2026-09-20 12:22:35.013 (UTC+0800)] [32minfo/network[0m	TCP 7	| Connection opened from "127.0.0.1" via the server socket 4
[2026-09-20 12:22:35.013 (UTC+0800)] [32minfo/channel[0m	TCP 7	| SC 9	| SecureChannel created
[2026-09-20 12:22:35.014 (UTC+0800)] [32minfo/channel[0m	TCP 7	| SC 9	| SecureChannel opened with SecurityPolicy http://opcfoundation.org/UA/SecurityPolicy#None and a revised lifetime of 600.00s
[2026-09-20 12:22:35.014 (UTC+0800)] [32minfo/channel[0m	TCP 6	| SC 9	| SecureChannel opened with SecurityPolicy http://opcfoundation.org/UA/SecurityPolicy#None and a revised lifetime of 600.00s
[2026-09-20 12:22:35.014 (UTC+0800)] [32minfo/client[0m	Client Status: ChannelState: Open, SessionState: Closed, ConnectStatus: Good
[2026-09-20 12:22:35.015 (UTC+0800)] [32minfo/client[0m	Selected endpoint with EndpointUrl opc.tcp://127.0.0.1:4844, SecurityMode None and SecurityPolicy http://opcfoundation.org/UA/SecurityPolicy#None
[2026-09-20 12:22:35.022 (UTC+0800)] [32minfo/session[0m	TCP 7	| SC 9	| Session "ns=1;g=ff1ec13c-c0ec-cd26-ab0a-e0eebe2b0290"	| Session created
[2026-09-20 12:22:35.022 (UTC+0800)] [32minfo/client[0m	Client Status: ChannelState: Open, SessionState: Created, ConnectStatus: Good
[2026-09-20 12:22:35.022 (UTC+0800)] [32minfo/session[0m	TCP 7	| SC 9	| Session "ns=1;g=ff1ec13c-c0ec-cd26-ab0a-e0eebe2b0290"	| ActivateSession: Session activated with ClientUserId ""
[2026-09-20 12:22:35.022 (UTC+0800)] [32minfo/client[0m	Client Status: ChannelState: Open, SessionState: Activated, ConnectStatus: Good
[2026-09-20 12:22:35.022] [info] Watchdog thread started
[2026-09-20 12:22:35.023 (UTC+0800)] [32minfo/session[0m	TCP 7	| SC 9	| Session "ns=1;g=ff1ec13c-c0ec-cd26-ab0a-e0eebe2b0290"	| Closing the Session
[2026-09-20 12:22:35.023 (UTC+0800)] [32minfo/channel[0m	TCP 6	| SC 9	| SecureChannel closed
[2026-09-20 12:22:35.023 (UTC+0800)] [32minfo/client[0m	Client Status: ChannelState: Fresh, SessionState: Closed, ConnectStatus: BadConnectionClosed
[2026-09-20 12:22:35.023 (UTC+0800)] [32minfo/network[0m	TCP 6	| Socket closed
[2026-09-20 12:22:35.024 (UTC+0800)] [32minfo/channel[0m	TCP 7	| SC 9	| SecureChannel closed
[2026-09-20 12:22:35.024 (UTC+0800)] [32minfo/network[0m	TCP 7	| Socket closed
[2026-09-20 12:22:35.123 (UTC+0800)] [32minfo/eventloop[0m	Stopping the EventLoop
[2026-09-20 12:22:35.123 (UTC+0800)] [32minfo/network[0m	UDP	| Shutting down the ConnectionManager
[2026-09-20 12:22:35.123 (UTC+0800)] [32minfo/network[0m	TCP	| Shutting down the ConnectionManager
[2026-09-20 12:22:35.123 (UTC+0800)] [32minfo/eventloop[0m	The EventLoop has stopped
[2026-09-20 12:22:35.123 (UTC+0800)] [32minfo/eventloop[0m	Starting the EventLoop
[2026-09-20 12:22:35.123 (UTC+0800)] [32minfo/network[0m	TCP 6	| Opening a connection to "127.0.0.1" on port 4844
[2026-09-20 12:22:35.124 (UTC+0800)] [32minfo/network[0m	TCP 7	| Connection opened from "127.0.0.1" via the server socket 4
[2026-09-20 12:22:35.124 (UTC+0800)] [32minfo/channel[0m	TCP 7	| SC 10	| SecureChannel created
[2026-09-20 12:22:35.124 (UTC+0800)] [32minfo/channel[0m	TCP 7	| SC 10	| SecureChannel opened with SecurityPolicy http://opcfoundation.org/UA/SecurityPolicy#None and a revised lifetime of 600.00s
[2026-09-20 12:22:35.124 (UTC+0800)] [32minfo/channel[0m	TCP 6	| SC 10	| SecureChannel opened with SecurityPolicy http://opcfoundation.org/UA/SecurityPolicy#None and a revised lifetime of 600.00s
[2026-09-20 12:22:35.124 (UTC+0800)] [32minfo/client[0m	Client Status: ChannelState: Open, SessionState: Closed, ConnectStatus: Good
[2026-09-20 12:22:35.125 (UTC+0800)] [32minfo/client[0m	Selected endpoint with EndpointUrl opc.tcp://127.0.0.1:4844, SecurityMode None and SecurityPolicy http://opcfoundation.org/UA/SecurityPolicy#None
[2026-09-20 12:22:35.131 (UTC+0800)] [32minfo/session[0m	TCP 7	| SC 10	| Session "ns=1;g=42ce0602-7343-6a97-4684-98594e1491a9"	| Session created
[2026-09-20 12:22:35.132 (UTC+0800)] [32minfo/client[0m	Client Status: ChannelState: Open, SessionState: Created, ConnectStatus: Good
[2026-09-20 12:22:35.132 (UTC+0800)] [32minfo/session[0m	TCP 7	| SC 10	| Session "ns=1;g=42ce0602-7343-6a97-4684-98594e1491a9"	| ActivateSession: Session activated with ClientUserId ""
[2026-09-20 12:22:35.132 (UTC+0800)] [32minfo/client[0m	Client Status: ChannelState: Open, SessionState: Activated, ConnectStatus: Good
[2026-09-20 12:22:35.132] [info] Watchdog thread started
[2026-09-20 12:22:35.133 (UTC+0800)] [32minfo/session[0m	TCP 7	| SC 10	| Session "ns=1;g=42ce0602-7343-6a97-4684-98594e1491a9"	| Closing the Session
[2026-09-20 12:22:35.133 (UTC+0800)] [32minfo/channel[0m	TCP 6	| SC 10	| SecureChannel closed
[2026-09-20 12:22:35.133 (UTC+0800)] [32minfo/client[0m	Client Status: ChannelState: Fresh, SessionState: Closed, ConnectStatus: BadConnectionClosed
[2026-09-20 12:22:35.133 (UTC+0800)] [32minfo/network[0m	TCP 6	| Socket closed
[2026-09-20 12:22:35.133 (UTC+0800)] [32minfo/channel[0m	TCP 7	| SC 10	| SecureChannel closed
[2026-09-20 12:22:35.133 (UTC+0800)] [32minfo/network[0m	TCP 7	| Socket closed
[2026-09-20 12:22:35.233 (UTC+0800)] [32minfo/eventloop[0m	Stopping the EventLoop
[2026-09-20 12:22:35.233 (UTC+0800)] [32minfo/network[0m	UDP	| Shutting down the ConnectionManager
[2026-09-20 12:22:35.233 (UTC+0800)] [32minfo/network[0m	TCP	| Shutting down the ConnectionManager
[2026-09-20 12:22:35.233 (UTC+0800)] [32minfo/eventloop[0m	The EventLoop has stopped
[2026-09-20 12:22:35.233 (UTC+0800)] [32minfo/eventloop[0m	Starting the EventLoop
[2026-09-20 12:22:35.233 (UTC+0800)] [32minfo/network[0m	TCP 6	| Opening a connection to "127.0.0.1" on port 4844
[2026-09-20 12:22:35.233 (UTC+0800)] [32minfo/network[0m	TCP 7	| Connection opened from "127.0.0.1" via the server socket 4
[2026-09-20 12:22:35.233 (UTC+0800)] [32minfo/channel[0m	TCP 7	| SC 11	| SecureChannel created
[2026-09-20 12:22:35.234 (UTC+0800)] [32minfo/channel[0m	TCP 7	| SC 11	| SecureChannel opened with SecurityPolicy http://opcfoundation.org/UA/SecurityPolicy#None and a revised lifetime of 600.00s
[2026-09-20 12:22:35.234 (UTC+0800)] [32minfo/channel[0m	TCP 6	| SC 11	| SecureChannel opened with SecurityPolicy http://opcfoundation.org/UA/SecurityPolicy#None and a revised lifetime of 600.00s
[2026-09-20 12:22:35.234 (UTC+0800)] [32minfo/client[0m	Client Status: ChannelState: Open, SessionState: Closed, ConnectStatus: Good
[2026-09-20 12:22:35.235 (UTC+0800)] [32minfo/client[0m	Selected endpoint with EndpointUrl opc.tcp://127.0.0.1:4844, SecurityMode None and SecurityPolicy http://opcfoundation.org/UA/SecurityPolicy#None
[2026-09-20 12:22:35.241 (UTC+0800)] [32minfo/session[0m	TCP 7	| SC 11	| Session "ns=1;g=bd0f6956-11bf-6433-ed6e-26b280e8eefe"	| Session created
[2026-09-20 12:22:35.242 (UTC+0800)] [32minfo/client[0m	Client Status: ChannelState: Open, SessionState: Created, ConnectStatus: Good
[2026-09-20 12:22:35.242 (UTC+0800)] [32minfo/session[0m	TCP 7	| SC 11	| Session "ns=1;g=bd0f6956-11bf-6433-ed6e-26b280e8eefe"	| ActivateSession: Session activated with ClientUserId ""
[2026-09-20 12:22:35.242 (UTC+0800)] [32minfo/client[0m	Client Status: ChannelState: Open, SessionState: Activated, ConnectStatus: Good
[2026-09-20 12:22:35.242] [info] Watchdog thread started
[2026-09-20 12:22:35.243 (UTC+0800)] [32minfo/session[0m	TCP 7	| SC 11	| Session "ns=1;g=bd0f6956-11bf-6433-ed6e-26b280e8eefe"	| Closing the Session
[2026-09-20 12:22:35.243 (UTC+0800)] [32minfo/channel[0m	TCP 6	| SC 11	| SecureChannel closed
[2026-09-20 12:22:35.243 (UTC+0800)] [32minfo/client[0m	Client Status: ChannelState: Fresh, SessionState: Closed, ConnectStatus: BadConnectionClosed
[2026-09-20 12:22:35.243 (UTC+0800)] [32minfo/network[0m	TCP 6	| Socket closed
[2026-09-20 12:22:35.243 (UTC+0800)] [32minfo/channel[0m	TCP 7	| SC 11	| SecureChannel closed
[2026-09-20 12:22:35.243 (UTC+0800)] [32minfo/network[0m	TCP 7	| Socket closed
[2026-09-20 12:22:35.342 (UTC+0800)] [32minfo/eventloop[0m	Stopping the EventLoop
[2026-09-20 12:22:35.343 (UTC+0800)] [32minfo/network[0m	UDP	| Shutting down the ConnectionManager
[2026-09-20 12:22:35.343 (UTC+0800)] [32minfo/network[0m	TCP	| Shutting down the ConnectionManager
[2026-09-20 12:22:35.343 (UTC+0800)] [32minfo/eventloop[0m	The EventLoop has stopped
[2026-09-20 12:22:35.343 (UTC+0800)] [32minfo/eventloop[0m	Starting the EventLoop
[2026-09-20 12:22:35.343 (UTC+0800)] [32minfo/network[0m	TCP 6	| Opening a connection to "127.0.0.1" on port 4844
[2026-09-20 12:22:35.343 (UTC+0800)] [32minfo/network[0m	TCP 7	| Connection opened from "127.0.0.1" via the server socket 4
[2026-09-20 12:22:35.343 (UTC+0800)] [32minfo/channel[0m	TCP 7	| SC 12	| SecureChannel created
[2026-09-20 12:22:35.344 (UTC+0800)] [32minfo/channel[0m	TCP 7	| SC 12	| SecureChannel opened with SecurityPolicy http://opcfoundation.org/UA/SecurityPolicy#None and a revised lifetime of 600.00s
[2026-09-20 12:22:35.344 (UTC+0800)] [32minfo/channel[0m	TCP 6	| SC 12	| SecureChannel opened with SecurityPolicy http://opcfoundation.org/UA/SecurityPolicy#None and a revised lifetime of 600.00s
[2026-09-20 12:22:35.344 (UTC+0800)] [32minfo/client[0m	Client Status: ChannelState: Open, SessionState: Closed, ConnectStatus: Good
[2026-09-20 12:22:35.345 (UTC+0800)] [32minfo/client[0m	Selected endpoint with EndpointUrl opc.tcp://127.0.0.1:4844, SecurityMode None and SecurityPolicy http://opcfoundation.org/UA/SecurityPolicy#None
[2026-09-20 12:22:35.351 (UTC+0800)] [32minfo/session[0m	TCP 7	| SC 12	| Session "ns=1;g=e0354c0d-83f7-69fb-7a77-f7efc64c74d7"	| Session created
[2026-09-20 12:22:35.352 (UTC+0800)] [32minfo/client[0m	Client Status: ChannelState: Open, SessionState: Created, ConnectStatus: Good
[2026-09-20 12:22:35.352 (UTC+0800)] [32minfo/session[0m	TCP 7	| SC 12	| Session "ns=1;g=e0354c0d-83f7-69fb-7a77-f7efc64c74d7"	| ActivateSession: Session activated with ClientUserId ""
[2026-09-20 12:22:35.352 (UTC+0800)] [32minfo/client[0m	Client Status: ChannelState: Open, SessionState: Activated, ConnectStatus: Good
[2026-09-20 12:22:35.352] [info] Watchdog thread started
[2026-09-20 12:22:35.353 (UTC+0800)] [32minfo/session[0m	TCP 7	| SC 12	| Session "ns=1;g=e0354c0d-83f7-69fb-7a77-f7efc64c74d7"	| Closing the Session
[2026-09-20 12:22:35.353 (UTC+0800)] [32minfo/channel[0m	TCP 6	| SC 12	| SecureChannel closed
[2026-09-20 12:22:35.353 (UTC+0800)] [32minfo/client[0m	Client Status: ChannelState: Fresh, SessionState: Closed, ConnectStatus: BadConnectionClosed
[2026-09-20 12:22:35.353 (UTC+0800)] [32minfo/network[0m	TCP 6	| Socket closed
[2026-09-20 12:22:35.353 (UTC+0800)] [32minfo/channel[0m	TCP 7	| SC 12	| SecureChannel closed
[2026-09-20 12:22:35.353 (UTC+0800)] [32minfo/network[0m	TCP 7	| Socket closed
[2026-09-20 12:22:35.452 (UTC+0800)] [32minfo/eventloop[0m	Stopping the EventLoop
[2026-09-20 12:22:35.453 (UTC+0800)] [32minfo/network[0m	UDP	| Shutting down the ConnectionManager
[2026-09-20 12:22:35.453 (UTC+0800)] [32minfo/network[0m	TCP	| Shutting down the ConnectionManager
[2026-09-20 12:22:35.453 (UTC+0800)] [32minfo/eventloop[0m	The EventLoop has stopped
[2026-09-20 12:22:35.453 (UTC+0800)] [32minfo/eventloop[0m	Starting the EventLoop
[2026-09-20 12:22:35.453 (UTC+0800)] [32minfo/network[0m	TCP 6	| Opening a connection to "127.0.0.1" on port 4844
[2026-09-20 12:22:35.453 (UTC+0800)] [32minfo/network[0m	TCP 7	| Connection opened from "127.0.0.1" via the server socket 4
[2026-09-20 12:22:35.453 (UTC+0800)] [32minfo/channel[0m	TCP 7	| SC 13	| SecureChannel created
[2026-09-20 12:22:35.454 (UTC+0800)] [32minfo/channel[0m	TCP 7	| SC 13	| SecureChannel opened with SecurityPolicy http://opcfoundation.org/UA/SecurityPolicy#None and a revised lifetime of 600.00s
[2026-09-20 12:22:35.454 (UTC+0800)] [32minfo/channel[0m	TCP 6	| SC 13	| SecureChannel opened with SecurityPolicy http://opcfoundation.org/UA/SecurityPolicy#None and a revised lifetime of 600.00s
[2026-09-20 12:22:35.454 (UTC+0800)] [32minfo/client[0m	Client Status: ChannelState: Open, SessionState: Closed, ConnectStatus: Good
[2026-09-20 12:22:35.454 (UTC+0800)] [32minfo/client[0m	Selected endpoint with EndpointUrl opc.tcp://127.0.0.1:4844, SecurityMode None and SecurityPolicy http://opcfoundation.org/UA/SecurityPolicy#None
[2026-09-20 12:22:35.461 (UTC+0800)] [32minfo/session[0m	TCP 7	| SC 13	| Session "ns=1;g=ada91e50-915b-5b88-3da3-4a14b15be54e"	| Session created
[2026-09-20 12:22:35.461 (UTC+0800)] [32minfo/client[0m	Client Status: ChannelState: Open, SessionState: Created, ConnectStatus: Good
[2026-09-20 12:22:35.461 (UTC+0800)] [32minfo/session[0m	TCP 7	| SC 13	| Session "ns=1;g=ada91e50-915b-5b88-3da3-4a14b15be54e"	| ActivateSession: Session activated with ClientUserId ""
[2026-09-20 12:22:35.462 (UTC+0800)] [32minfo/client[0m	Client Status: ChannelState: Open, SessionState: Activated, ConnectStatus: Good
[2026-09-20 12:22:35.462] [info] Watchdog thread started
[2026-09-20 12:22:35.462 (UTC+0800)] [32minfo/session[0m	TCP 7	| SC 13	| Session "ns=1;g=ada91e50-915b-5b88-3da3-4a14b15be54e"	| Closing the Session
[2026-09-20 12:22:35.463 (UTC+0800)] [32minfo/channel[0m	TCP 6	| SC 13	| SecureChannel closed
[2026-09-20 12:22:35.463 (UTC+0800)] [32minfo/client[0m	Client Status: ChannelState: Fresh, SessionState: Closed, ConnectStatus: BadConnectionClosed
[2026-09-20 12:22:35.463 (UTC+0800)] [32minfo/network[0m	TCP 6	| Socket closed
[2026-09-20 12:22:35.463 (UTC+0800)] [32minfo/channel[0m	TCP 7	| SC 13	| SecureChannel closed
[2026-09-20 12:22:35.463 (UTC+0800)] [32minfo/network[0m	TCP 7	| Socket closed
[2026-09-20 12:22:35.562 (UTC+0800)] [32minfo/eventloop[0m	Stopping the EventLoop
[2026-09-20 12:22:35.562 (UTC+0800)] [32minfo/network[0m	UDP	| Shutting down the ConnectionManager
[2026-09-20 12:22:35.562 (UTC+0800)] [32minfo/network[0m	TCP	| Shutting down the ConnectionManager
[2026-09-20 12:22:35.562 (UTC+0800)] [32minfo/eventloop[0m	The EventLoop has stopped
[2026-09-20 12:22:35.563 (UTC+0800)] [32minfo/eventloop[0m	Starting the EventLoop
[2026-09-20 12:22:35.563 (UTC+0800)] [32minfo/network[0m	TCP 6	| Opening a connection to "127.0.0.1" on port 4844
[2026-09-20 12:22:35.563 (UTC+0800)] [32minfo/network[0m	TCP 7	| Connection opened from "127.0.0.1" via the server socket 4
[2026-09-20 12:22:35.563 (UTC+0800)] [32minfo/channel[0m	TCP 7	| SC 14	| SecureChannel created
[2026-09-20 12:22:35.563 (UTC+0800)] [32minfo/channel[0m	TCP 7	| SC 14	| SecureChannel opened with SecurityPolicy http://opcfoundation.org/UA/SecurityPolicy#None and a revised lifetime of 600.00s
[2026-09-20 12:22:35.564 (UTC+0800)] [32minfo/channel[0m	TCP 6	| SC 14	| SecureChannel opened with SecurityPolicy http://opcfoundation.org/UA/SecurityPolicy#None and a revised lifetime of 600.00s
[2026-09-20 12:22:35.564 (UTC+0800)] [32minfo/client[0m	Client Status: ChannelState: Open, SessionState: Closed, ConnectStatus: Good
[2026-09-20 12:22:35.564 (UTC+0800)] [32minfo/client[0m	Selected endpoint with EndpointUrl opc.tcp://127.0.0.1:4844, SecurityMode None and SecurityPolicy http://opcfoundation.org/UA/SecurityPolicy#None
[2026-09-20 12:22:35.571 (UTC+0800)] [32minfo/session[0m	TCP 7	| SC 14	| Session "ns=1;g=551139f6-2cd0-7c09-1021-72779109f0bf"	| Session created
[2026-09-20 12:22:35.571 (UTC+0800)] [32minfo/client[0m	Client Status: ChannelState: Open, SessionState: Created, ConnectStatus: Good
[2026-09-20 12:22:35.571 (UTC+0800)] [32minfo/session[0m	TCP 7	| SC 14	| Session "ns=1;g=551139f6-2cd0-7c09-1021-72779109f0bf"	| ActivateSession: Session activated with ClientUserId ""
[2026-09-20 12:22:35.572 (UTC+0800)] [32minfo/client[0m	Client Status: ChannelState: Open, SessionState: Activated, ConnectStatus: Good
[2026-09-20 12:22:35.572] [info] Watchdog thread started
[2026-09-20 12:22:35.572 (UTC+0800)] [32minfo/session[0m	TCP 7	| SC 14	| Session "ns=1;g=551139f6-2cd0-7c09-1021-72779109f0bf"	| Closing the Session
[2026-09-20 12:22:35.573 (UTC+0800)] [32minfo/channel[0m	TCP 6	| SC 14	| SecureChannel closed
[2026-09-20 12:22:35.573 (UTC+0800)] [32minfo/client[0m	Client Status: ChannelState: Fresh, SessionState: Closed, ConnectStatus: BadConnectionClosed
[2026-09-20 12:22:35.573 (UTC+0800)] [32minfo/network[0m	TCP 6	| Socket closed
[2026-09-20 12:22:35.573 (UTC+0800)] [32minfo/channel[0m	TCP 7	| SC 14	| SecureChannel closed
[2026-09-20 12:22:35.573 (UTC+0800)] [32minfo/network[0m	TCP 7	| Socket closed
[2026-09-20 12:22:35.672 (UTC+0800)] [32minfo/eventloop[0m	Stopping the EventLoop
[2026-09-20 12:22:35.672 (UTC+0800)] [32minfo/network[0m	UDP	| Shutting down the ConnectionManager
[2026-09-20 12:22:35.672 (UTC+0800)] [32minfo/network[0m	TCP	| Shutting down the ConnectionManager
[2026-09-20 12:22:35.672 (UTC+0800)] [32minfo/eventloop[0m	The EventLoop has stopped
[2026-09-20 12:22:35.672 (UTC+0800)] [32minfo/eventloop[0m	Starting the EventLoop
[2026-09-20 12:22:35.673 (UTC+0800)] [32minfo/network[0m	TCP 6	| Opening a connection to "127.0.0.1" on port 4844
[2026-09-20 12:22:35.673 (UTC+0800)] [32minfo/network[0m	TCP 7	| Connection opened from "127.0.0.1" via the server socket 4
[2026-09-20 12:22:35.673 (UTC+0800)] [32minfo/channel[0m	TCP 7	| SC 15	| SecureChannel created
[2026-09-20 12:22:35.673 (UTC+0800)] [32minfo/channel[0m	TCP 7	| SC 15	| SecureChannel opened with SecurityPolicy http://opcfoundation.org/UA/SecurityPolicy#None and a revised lifetime of 600.00s
[2026-09-20 12:22:35.673 (UTC+0800)] [32minfo/channel[0m	TCP 6	| SC 15	| SecureChannel opened with SecurityPolicy http://opcfoundation.org/UA/SecurityPolicy#None and a revised lifetime of 600.00s
[2026-09-20 12:22:35.674 (UTC+0800)] [32minfo/client[0m	Client Status: ChannelState: Open, SessionState: Closed, ConnectStatus: Good
[2026-09-20 12:22:35.674 (UTC+0800)] [32minfo/client[0m	Selected endpoint with EndpointUrl opc.tcp://127.0.0.1:4844, SecurityMode None and SecurityPolicy http://opcfoundation.org/UA/SecurityPolicy#None
[2026-09-20 12:22:35.681 (UTC+0800)] [32minfo/session[0m	TCP 7	| SC 15	| Session "ns=1;g=4d060d22-1e8f-7aec-beab-da9d39c39cd9"	| Session created
[2026-09-20 12:22:35.681 (UTC+0800)] [32minfo/client[0m	Client Status: ChannelState: Open, SessionState: Created, ConnectStatus: Good
[2026-09-20 12:22:35.681 (UTC+0800)] [32minfo/session[0m	TCP 7	| SC 15	| Session "ns=1;g=4d060d22-1e8f-7aec-beab-da9d39c39cd9"	| ActivateSession: Session activated with ClientUserId ""
[2026-09-20 12:22:35.681 (UTC+0800)] [32minfo/client[0m	Client Status: ChannelState: Open, SessionState: Activated, ConnectStatus: Good
[2026-09-20 12:22:35.682] [info] Watchdog thread started
[2026-09-20 12:22:35.682 (UTC+0800)] [32minfo/session[0m	TCP 7	| SC 15	| Session "ns=1;g=4d060d22-1e8f-7aec-beab-da9d39c39cd9"	| Closing the Session
[2026-09-20 12:22:35.682 (UTC+0800)] [32minfo/channel[0m	TCP 6	| SC 15	| SecureChannel closed
[2026-09-20 12:22:35.683 (UTC+0800)] [32minfo/client[0m	Client Status: ChannelState: Fresh, SessionState: Closed, ConnectStatus: BadConnectionClosed
[2026-09-20 12:22:35.683 (UTC+0800)] [32minfo/network[0m	TCP 6	| Socket closed
[2026-09-20 12:22:35.683 (UTC+0800)] [32minfo/channel[0m	TCP 7	| SC 15	| SecureChannel closed
[2026-09-20 12:22:35.683 (UTC+0800)] [32minfo/network[0m	TCP 7	| Socket closed
[2026-09-20 12:22:35.782 (UTC+0800)] [32minfo/eventloop[0m	Stopping the EventLoop
[2026-09-20 12:22:35.782 (UTC+0800)] [32minfo/network[0m	UDP	| Shutting down the ConnectionManager
[2026-09-20 12:22:35.782 (UTC+0800)] [32minfo/network[0m	TCP	| Shutting down the ConnectionManager
[2026-09-20 12:22:35.782 (UTC+0800)] [32minfo/eventloop[0m	The EventLoop has stopped
[2026-09-20 12:22:35.782 (UTC+0800)] [32minfo/eventloop[0m	Starting the EventLoop
[2026-09-20 12:22:35.783 (UTC+0800)] [32minfo/network[0m	TCP 6	| Opening a connection to "127.0.0.1" on port 4844
[2026-09-20 12:22:35.783 (UTC+0800)] [32minfo/network[0m	TCP 7	| Connection opened from "127.0.0.1" via the server socket 4
[2026-09-20 12:22:35.783 (UTC+0800)] [32minfo/channel[0m	TCP 7	| SC 16	| SecureChannel created
[2026-09-20 12:22:35.783 (UTC+0800)] [32minfo/channel[0m	TCP 7	| SC 16	| SecureChannel opened with SecurityPolicy http://opcfoundation.org/UA/SecurityPolicy#None and a revised lifetime of 600.00s
[2026-09-20 12:22:35.783 (UTC+0800)] [32minfo/channel[0m	TCP 6	| SC 16	| SecureChannel opened with SecurityPolicy http://opcfoundation.org/UA/SecurityPolicy#None and a revised lifetime of 600.00s
[2026-09-20 12:22:35.783 (UTC+0800)] [32minfo/client[0m	Client Status: ChannelState: Open, SessionState: Closed, ConnectStatus: Good
[2026-09-20 12:22:35.784 (UTC+0800)] [32minfo/client[0m	Selected endpoint with EndpointUrl opc.tcp://127.0.0.1:4844, SecurityMode None and SecurityPolicy http://opcfoundation.org/UA/SecurityPolicy#None
[2026-09-20 12:22:35.791 (UTC+0800)] [32minfo/session[0m	TCP 7	| SC 16	| Session "ns=1;g=7adeba31-b20a-dec1-af7a-37332bf2bf3b"	| Session created
[2026-09-20 12:22:35.791 (UTC+0800)] [32minfo/client[0m	Client Status: ChannelState: Open, SessionState: Created, ConnectStatus: Good
[2026-09-20 12:22:35.791 (UTC+0800)] [32minfo/session[0m	TCP 7	| SC 16	| Session "ns=1;g=7adeba31-b20a-dec1-af7a-37332bf2bf3b"	| ActivateSession: Session activated with ClientUserId ""
[2026-09-20 12:22:35.791 (UTC+0800)] [32minfo/client[0m	Client Status: ChannelState: Open, SessionState: Activated, ConnectStatus: Good
[2026-09-20 12:22:35.792] [info] Watchdog thread started
[2026-09-20 12:22:35.792 (UTC+0800)] [32minfo/session[0m	TCP 7	| SC 16	| Session "ns=1;g=7adeba31-b20a-dec1-af7a-37332bf2bf3b"	| Closing the Session
[2026-09-20 12:22:35.792 (UTC+0800)] [32minfo/channel[0m	TCP 6	| SC 16	| SecureChannel closed
[2026-09-20 12:22:35.793 (UTC+0800)] [32minfo/client[0m	Client Status: ChannelState: Fresh, SessionState: Closed, ConnectStatus: BadConnectionClosed
[2026-09-20 12:22:35.793 (UTC+0800)] [32minfo/network[0m	TCP 6	| Socket closed
[2026-09-20 12:22:35.793 (UTC+0800)] [32minfo/channel[0m	TCP 7	| SC 16	| SecureChannel closed
[2026-09-20 12:22:35.793 (UTC+0800)] [32minfo/network[0m	TCP 7	| Socket closed
[2026-09-20 12:22:35.892 (UTC+0800)] [32minfo/eventloop[0m	Stopping the EventLoop
[2026-09-20 12:22:35.892 (UTC+0800)] [32minfo/network[0m	UDP	| Shutting down the ConnectionManager
[2026-09-20 12:22:35.892 (UTC+0800)] [32minfo/network[0m	TCP	| Shutting down the ConnectionManager
[2026-09-20 12:22:35.892 (UTC+0800)] [32minfo/eventloop[0m	The EventLoop has stopped
[2026-09-20 12:22:35.892 (UTC+0800)] [32minfo/eventloop[0m	Starting the EventLoop
[2026-09-20 12:22:35.893 (UTC+0800)] [32minfo/network[0m	TCP 6	| Opening a connection to "127.0.0.1" on port 4844
[2026-09-20 12:22:35.893 (UTC+0800)] [32minfo/network[0m	TCP 7	| Connection opened from "127.0.0.1" via the server socket 4
[2026-09-20 12:22:35.893 (UTC+0800)] [32minfo/channel[0m	TCP 7	| SC 17	| SecureChannel created
[2026-09-20 12:22:35.893 (UTC+0800)] [32minfo/channel[0m	TCP 7	| SC 17	| SecureChannel opened with SecurityPolicy http://opcfoundation.org/UA/SecurityPolicy#None and a revised lifetime of 600.00s
[2026-09-20 12:22:35.894 (UTC+0800)] [32minfo/channel[0m	TCP 6	| SC 17	| SecureChannel opened with SecurityPolicy http://opcfoundation.org/UA/SecurityPolicy#None and a revised lifetime of 600.00s
[2026-09-20 12:22:35.894 (UTC+0800)] [32minfo/client[0m	Client Status: ChannelState: Open, SessionState: Closed, ConnectStatus: Good
[2026-09-20 12:22:35.894 (UTC+0800)] [32minfo/client[0m	Selected endpoint with EndpointUrl opc.tcp://127.0.0.1:4844, SecurityMode None and SecurityPolicy http://opcfoundation.org/UA/SecurityPolicy#None
[2026-09-20 12:22:35.901 (UTC+0800)] [32minfo/session[0m	TCP 7	| SC 17	| Session "ns=1;g=c12b9024-992f-f539-96e9-ee1e5df56f46"	| Session created
[2026-09-20 12:22:35.902 (UTC+0800)] [32minfo/client[0m	Client Status: ChannelState: Open, SessionState: Created, ConnectStatus: Good
[2026-09-20 12:22:35.902 (UTC+0800)] [32minfo/session[0m	TCP 7	| SC 17	| Session "ns=1;g=c12b9024-992f-f539-96e9-ee1e5df56f46"	| ActivateSession: Session activated with ClientUserId ""
[2026-09-20 12:22:35.902 (UTC+0800)] [32minfo/client[0m	Client Status: ChannelState: Open, SessionState: Activated, ConnectStatus: Good
[2026-09-20 12:22:35.902] [info] Watchdog thread started
[2026-09-20 12:22:35.903 (UTC+0800)] [32minfo/session[0m	TCP 7	| SC 17	| Session "ns=1;g=c12b9024-992f-f539-96e9-ee1e5df56f46"	| Closing the Session
[2026-09-20 12:22:35.903 (UTC+0800)] [32minfo/channel[0m	TCP 6	| SC 17	| SecureChannel closed
[2026-09-20 12:22:35.903 (UTC+0800)] [32minfo/client[0m	Client Status: ChannelState: Fresh, SessionState: Closed, ConnectStatus: BadConnectionClosed
[2026-09-20 12:22:35.903 (UTC+0800)] [32minfo/network[0m	TCP 6	| Socket closed
[2026-09-20 12:22:35.903 (UTC+0800)] [32minfo/channel[0m	TCP 7	| SC 17	| SecureChannel closed
[2026-09-20 12:22:35.903 (UTC+0800)] [32minfo/network[0m	TCP 7	| Socket closed
[2026-09-20 12:22:36.003 (UTC+0800)] [32minfo/eventloop[0m	Stopping the EventLoop
[2026-09-20 12:22:36.003 (UTC+0800)] [32minfo/network[0m	UDP	| Shutting down the ConnectionManager
[2026-09-20 12:22:36.003 (UTC+0800)] [32minfo/network[0m	TCP	| Shutting down the ConnectionManager
[2026-09-20 12:22:36.003 (UTC+0800)] [32minfo/eventloop[0m	The EventLoop has stopped
[2026-09-20 12:22:36.003 (UTC+0800)] [32minfo/eventloop[0m	Starting the EventLoop
[2026-09-20 12:22:36.003 (UTC+0800)] [32minfo/network[0m	TCP 6	| Opening a connection to "127.0.0.1" on port 4844
[2026-09-20 12:22:36.003 (UTC+0800)] [32minfo/network[0m	TCP 7	| Connection opened from "127.0.0.1" via the server socket 4
[2026-09-20 12:22:36.003 (UTC+0800)] [32minfo/channel[0m	TCP 7	| SC 18	| SecureChannel created
[2026-09-20 12:22:36.004 (UTC+0800)] [32minfo/channel[0m	TCP 7	| SC 18	| SecureChannel opened with SecurityPolicy http://opcfoundation.org/UA/SecurityPolicy#None and a revised lifetime of 600.00s
[2026-09-20 12:22:36.004 (UTC+0800)] [32minfo/channel[0m	TCP 6	| SC 18	| SecureChannel opened with SecurityPolicy http://opcfoundation.org/UA/SecurityPolicy#None and a revised lifetime of 600.00s
[2026-09-20 12:22:36.004 (UTC+0800)] [32minfo/client[0m	Client Status: ChannelState: Open, SessionState: Closed, ConnectStatus: Good
[2026-09-20 12:22:36.005 (UTC+0800)] [32minfo/client[0m	Selected endpoint with EndpointUrl opc.tcp://127.0.0.1:4844, SecurityMode None and SecurityPolicy http://opcfoundation.org/UA/SecurityPolicy#None
[2026-09-20 12:22:36.013 (UTC+0800)] [32minfo/session[0m	TCP 7	| SC 18	| Session "ns=1;g=90756ad0-d764-47a3-0c70-07e028f20f40"	| Session created
[2026-09-20 12:22:36.013 (UTC+0800)] [32minfo/client[0m	Client Status: ChannelState: Open, SessionState: Created, ConnectStatus: Good
[2026-09-20 12:22:36.014 (UTC+0800)] [32minfo/session[0m	TCP 7	| SC 18	| Session "ns=1;g=90756ad0-d764-47a3-0c70-07e028f20f40"	| ActivateSession: Session activated with ClientUserId ""
[2026-09-20 12:22:36.014 (UTC+0800)] [32minfo/client[0m	Client Status: ChannelState: Open, SessionState: Activated, ConnectStatus: Good
[2026-09-20 12:22:36.014] [info] Watchdog thread started
[2026-09-20 12:22:36.014 (UTC+0800)] [32minfo/session[0m	TCP 7	| SC 18	| Session "ns=1;g=90756ad0-d764-47a3-0c70-07e028f20f40"	| Closing the Session
[2026-09-20 12:22:36.015 (UTC+0800)] [32minfo/channel[0m	TCP 6	| SC 18	| SecureChannel closed
[2026-09-20 12:22:36.015 (UTC+0800)] [32minfo/client[0m	Client Status: ChannelState: Fresh, SessionState: Closed, ConnectStatus: BadConnectionClosed
[2026-09-20 12:22:36.015 (UTC+0800)] [32minfo/network[0m	TCP 6	| Socket closed
[2026-09-20 12:22:36.015 (UTC+0800)] [32minfo/channel[0m	TCP 7	| SC 18	| SecureChannel closed
[2026-09-20 12:22:36.015 (UTC+0800)] [32minfo/network[0m	TCP 7	| Socket closed
[2026-09-20 12:22:36.114 (UTC+0800)] [32minfo/eventloop[0m	Stopping the EventLoop
[2026-09-20 12:22:36.114 (UTC+0800)] [32minfo/network[0m	UDP	| Shutting down the ConnectionManager
[2026-09-20 12:22:36.114 (UTC+0800)] [32minfo/network[0m	TCP	| Shutting down the ConnectionManager
[2026-09-20 12:22:36.114 (UTC+0800)] [32minfo/eventloop[0m	The EventLoop has stopped
[2026-09-20 12:22:36.114 (UTC+0800)] [32minfo/eventloop[0m	Starting the EventLoop
[2026-09-20 12:22:36.115 (UTC+0800)] [32minfo/network[0m	TCP 6	| Opening a connection to "127.0.0.1" on port 4844
[2026-09-20 12:22:36.115 (UTC+0800)] [32minfo/network[0m	TCP 7	| Connection opened from "127.0.0.1" via the server socket 4
[2026-09-20 12:22:36.115 (UTC+0800)] [32minfo/channel[0m	TCP 7	| SC 19	| SecureChannel created
[2026-09-20 12:22:36.115 (UTC+0800)] [32minfo/channel[0m	TCP 7	| SC 19	| SecureChannel opened with SecurityPolicy http://opcfoundation.org/UA/SecurityPolicy#None and a revised lifetime of 600.00s
[2026-09-20 12:22:36.115 (UTC+0800)] [32minfo/channel[0m	TCP 6	| SC 19	| SecureChannel opened with SecurityPolicy http://opcfoundation.org/UA/SecurityPolicy#None and a revised lifetime of 600.00s
[2026-09-20 12:22:36.116 (UTC+0800)] [32minfo/client[0m	Client Status: ChannelState: Open, SessionState: Closed, ConnectStatus: Good
[2026-09-20 12:22:36.116 (UTC+0800)] [32minfo/client[0m	Selected endpoint with EndpointUrl opc.tcp://127.0.0.1:4844, SecurityMode None and SecurityPolicy http://opcfoundation.org/UA/SecurityPolicy#None
[2026-09-20 12:22:36.128 (UTC+0800)] [32minfo/session[0m	TCP 7	| SC 19	| Session "ns=1;g=8c1ec27f-7537-a111-0840-c4cc32436416"	| Session created
[2026-09-20 12:22:36.129 (UTC+0800)] [32minfo/client[0m	Client Status: ChannelState: Open, SessionState: Created, ConnectStatus: Good
[2026-09-20 12:22:36.129 (UTC+0800)] [32minfo/session[0m	TCP 7	| SC 19	| Session "ns=1;g=8c1ec27f-7537-a111-0840-c4cc32436416"	| ActivateSession: Session activated with ClientUserId ""
[2026-09-20 12:22:36.129 (UTC+0800)] [32minfo/client[0m	Client Status: ChannelState: Open, SessionState: Activated, ConnectStatus: Good
[2026-09-20 12:22:36.129] [info] Watchdog thread started
[2026-09-20 12:22:36.130 (UTC+0800)] [32minfo/session[0m	TCP 7	| SC 19	| Session "ns=1;g=8c1ec27f-7537-a111-0840-c4cc32436416"	| Closing the Session
[2026-09-20 12:22:36.130 (UTC+0800)] [32minfo/channel[0m	TCP 6	| SC 19	| SecureChannel closed
[2026-09-20 12:22:36.130 (UTC+0800)] [32minfo/client[0m	Client Status: ChannelState: Fresh, SessionState: Closed, ConnectStatus: BadConnectionClosed
[2026-09-20 12:22:36.131 (UTC+0800)] [32minfo/network[0m	TCP 6	| Socket closed
[2026-09-20 12:22:36.131 (UTC+0800)] [32minfo/channel[0m	TCP 7	| SC 19	| SecureChannel closed
[2026-09-20 12:22:36.131 (UTC+0800)] [32minfo/network[0m	TCP 7	| Socket closed
[2026-09-20 12:22:36.230 (UTC+0800)] [32minfo/eventloop[0m	Stopping the EventLoop
[2026-09-20 12:22:36.230 (UTC+0800)] [32minfo/network[0m	UDP	| Shutting down the ConnectionManager
[2026-09-20 12:22:36.230 (UTC+0800)] [32minfo/network[0m	TCP	| Shutting down the ConnectionManager
[2026-09-20 12:22:36.230 (UTC+0800)] [32minfo/eventloop[0m	The EventLoop has stopped
[2026-09-20 12:22:36.230 (UTC+0800)] [32minfo/eventloop[0m	Starting the EventLoop
[2026-09-20 12:22:36.231 (UTC+0800)] [32minfo/network[0m	TCP 6	| Opening a connection to "127.0.0.1" on port 4844
[2026-09-20 12:22:36.231 (UTC+0800)] [32minfo/network[0m	TCP 7	| Connection opened from "127.0.0.1" via the server socket 4
[2026-09-20 12:22:36.231 (UTC+0800)] [32minfo/channel[0m	TCP 7	| SC 20	| SecureChannel created
[2026-09-20 12:22:36.231 (UTC+0800)] [32minfo/channel[0m	TCP 7	| SC 20	| SecureChannel opened with SecurityPolicy http://opcfoundation.org/UA/SecurityPolicy#None and a revised lifetime of 600.00s
[2026-09-20 12:22:36.231 (UTC+0800)] [32minfo/channel[0m	TCP 6	| SC 20	| SecureChannel opened with SecurityPolicy http://opcfoundation.org/UA/SecurityPolicy#None and a revised lifetime of 600.00s
[2026-09-20 12:22:36.231 (UTC+0800)] [32minfo/client[0m	Client Status: ChannelState: Open, SessionState: Closed, ConnectStatus: Good
[2026-09-20 12:22:36.232 (UTC+0800)] [32minfo/client[0m	Selected endpoint with EndpointUrl opc.tcp://127.0.0.1:4844, SecurityMode None and SecurityPolicy http://opcfoundation.org/UA/SecurityPolicy#None
[2026-09-20 12:22:36.238 (UTC+0800)] [32minfo/session[0m	TCP 7	| SC 20	| Session "ns=1;g=bffa7707-05ef-abb7-3da3-4a044494a98a"	| Session created
[2026-09-20 12:22:36.239 (UTC+0800)] [32minfo/client[0m	Client Status: ChannelState: Open, SessionState: Created, ConnectStatus: Good
[2026-09-20 12:22:36.239 (UTC+0800)] [32minfo/session[0m	TCP 7	| SC 20	| Session "ns=1;g=bffa7707-05ef-abb7-3da3-4a044494a98a"	| ActivateSession: Session activated with ClientUserId ""
[2026-09-20 12:22:36.239 (UTC+0800)] [32minfo/client[0m	Client Status: ChannelState: Open, SessionState: Activated, ConnectStatus: Good
[2026-09-20 12:22:36.239] [info] Watchdog thread started
[2026-09-20 12:22:36.239 (UTC+0800)] [32minfo/session[0m	TCP 7	| SC 20	| Session "ns=1;g=bffa7707-05ef-abb7-3da3-4a044494a98a"	| Closing the Session
[2026-09-20 12:22:36.240 (UTC+0800)] [32minfo/channel[0m	TCP 6	| SC 20	| SecureChannel closed
[2026-09-20 12:22:36.240 (UTC+0800)] [32minfo/client[0m	Client Status: ChannelState: Fresh, SessionState: Closed, ConnectStatus: BadConnectionClosed
[2026-09-20 12:22:36.240 (UTC+0800)] [32minfo/network[0m	TCP 6	| Socket closed
[2026-09-20 12:22:36.240 (UTC+0800)] [32minfo/channel[0m	TCP 7	| SC 20	| SecureChannel closed
[2026-09-20 12:22:36.240 (UTC+0800)] [32minfo/network[0m	TCP 7	| Socket closed
[2026-09-20 12:22:36.339 (UTC+0800)] [32minfo/eventloop[0m	Stopping the EventLoop
[2026-09-20 12:22:36.339 (UTC+0800)] [32minfo/network[0m	UDP	| Shutting down the ConnectionManager
[2026-09-20 12:22:36.339 (UTC+0800)] [32minfo/network[0m	TCP	| Shutting down the ConnectionManager
[2026-09-20 12:22:36.339 (UTC+0800)] [32minfo/eventloop[0m	The EventLoop has stopped
[2026-09-20 12:22:36.740 (UTC+0800)] [32minfo/network[0m	TCP 4	| Socket closed
[2026-09-20 12:22:36.840 (UTC+0800)] [32minfo/eventloop[0m	Stopping the EventLoop
[2026-09-20 12:22:36.840 (UTC+0800)] [32minfo/network[0m	ETH	| Shutting down the ConnectionManager
[2026-09-20 12:22:36.840 (UTC+0800)] [32minfo/network[0m	UDP	| Shutting down the ConnectionManager
[2026-09-20 12:22:36.840 (UTC+0800)] [32minfo/network[0m	TCP	| Shutting down the ConnectionManager
[2026-09-20 12:22:36.840 (UTC+0800)] [32minfo/eventloop[0m	The EventLoop has stopped
[2026-09-20 12:22:36.840 (UTC+0800)] [32minfo/server[0m	PubSub cleanup was called.
[       OK ] ClientTest.TD_CreateShutdownLifecycleNoLeak (2751 ms)
[----------] 4 tests from ClientTest (5093 ms total)

[----------] 1 test from ClientConfigTest
[ RUN      ] ClientConfigTest.Check_Boundaries
[       OK ] ClientConfigTest.Check_Boundaries (1 ms)
[----------] 1 test from ClientConfigTest (1 ms total)

[----------] Global test environment tear-down
[==========] 23 tests from 3 test suites ran. (10670 ms total)
[  PASSED  ] 22 tests.
[  SKIPPED ] 1 test, listed below:
[  SKIPPED ] Client.T1_ConnectSuccess
