/usr/bin/cmake -S/root/Cross_platform_file_transfer_tool-main/Cross_platform_file_transfer_tool-main/tmp -B/root/Cross_platform_file_transfer_tool-main/Cross_platform_file_transfer_tool-main/tmp/build-asan --check-build-system CMakeFiles/Makefile.cmake 0
Re-run cmake file: Makefile older than: /root/Cross_platform_file_transfer_tool-main/Cross_platform_file_transfer_tool-main/tests/CMakeLists.txt
-- Using Conan toolchain: /root/Cross_platform_file_transfer_tool-main/Cross_platform_file_transfer_tool-main/tmp/conan_debug_build/conan_toolchain.cmake
-- Conan toolchain: Including user_toolchain: /root/Cross_platform_file_transfer_tool-main/Cross_platform_file_transfer_tool-main/tmp/toolchain.cmake
-- Conan toolchain: Defining architecture flag: -m64
-- Conan toolchain: C++ Standard 17 with extensions ON
=========================================
-- AddressSanitizer + UBSan: ENABLED
-- CMAKE_BINARY_DIR = /root/Cross_platform_file_transfer_tool-main/Cross_platform_file_transfer_tool-main/tmp/build-asan
-- CMAKE_BUILD_TYPE is: Debug
-- ASAN logs directory: /root/Cross_platform_file_transfer_tool-main/Cross_platform_file_transfer_tool-main/tmp/build-asan/asan_logs
-- To use ASAN at runtime, set:
--   export ASAN_OPTIONS='log_path=/root/Cross_platform_file_transfer_tool-main/Cross_platform_file_transfer_tool-main/tmp/build-asan/asan_logs/asan_report:log_exe_name=1:log_pid=1:detect_leaks=1:leak_check_at_exit=1'
=========================================
-- Conan: Component target declared 'fmt::fmt'
-- Conan: Component target declared 'spdlog::spdlog'
-- Conan: Component target declared 'OpenSSL::Crypto'
-- Conan: Component target declared 'OpenSSL::SSL'
-- Conan: Target declared 'openssl::openssl'
-- Conan: Target declared 'ZLIB::ZLIB'
-- Conan: Including build module from '/root/.conan2/p/b/opens679fe30f30fe9/p/lib/cmake/conan-official-openssl-variables.cmake'
-- Conan: Target declared 'Backward::Backward'
-- Conan: Component target declared 'elfutils::libelf'
-- Conan: Component target declared 'elfutils::libdw'
-- Conan: Component target declared 'elfutils::libasm'
-- Conan: Target declared 'elfutils::elfutils'
-- Conan: Target declared 'BZip2::BZip2'
-- Conan: Including build module from '/root/.conan2/p/b/bzip269fafadfeb7ca/p/lib/cmake/conan-official-bzip2-variables.cmake'
-- Conan: Target declared 'LibLZMA::LibLZMA'
-- Conan: Including build module from '/root/.conan2/p/b/xz_ut80989046e100d/p/lib/cmake/conan-official-xz_utils-variables.cmake'
-- Conan: Component target declared 'zstd::libzstd_static'
-- Conan: Target declared 'nlohmann_json::nlohmann_json'
-- Conan: Component target declared 'CURL::libcurl'
-- Conan: Component target declared 'GTest::gtest'
-- Conan: Component target declared 'GTest::gtest_main'
-- Conan: Component target declared 'GTest::gmock'
-- Conan: Component target declared 'GTest::gmock_main'
-- Conan: Target declared 'gtest::gtest'
-- open62541_lib INTERFACE_INCLUDE_DIRECTORIES: /root/open62541-v1.4.14-noSanitizer/build/src_generated;/root/open62541-v1.4.14-noSanitizer/include;/root/open62541-v1.4.14-noSanitizer/plugins/include
OPCUAPacking CMake DIR: /root/Cross_platform_file_transfer_tool-main/Cross_platform_file_transfer_tool-main/src/OPCUAPacking
-- Dependency target 'OPCUAPacking' found
tests CMake DIR: /root/Cross_platform_file_transfer_tool-main/Cross_platform_file_transfer_tool-main/tests
-- Configuring done
-- Generating done
-- Build files have been written to: /root/Cross_platform_file_transfer_tool-main/Cross_platform_file_transfer_tool-main/tmp/build-asan
/usr/bin/cmake -E cmake_progress_start /root/Cross_platform_file_transfer_tool-main/Cross_platform_file_transfer_tool-main/tmp/build-asan/CMakeFiles /root/Cross_platform_file_transfer_tool-main/Cross_platform_file_transfer_tool-main/tmp/build-asan//CMakeFiles/progress.marks
make  -f CMakeFiles/Makefile2 all
make[1]: Entering directory '/root/Cross_platform_file_transfer_tool-main/Cross_platform_file_transfer_tool-main/tmp/build-asan'
make  -f OPCUAPacking-build/CMakeFiles/OPCUAPacking.dir/build.make OPCUAPacking-build/CMakeFiles/OPCUAPacking.dir/depend
make[2]: Entering directory '/root/Cross_platform_file_transfer_tool-main/Cross_platform_file_transfer_tool-main/tmp/build-asan'
cd /root/Cross_platform_file_transfer_tool-main/Cross_platform_file_transfer_tool-main/tmp/build-asan && /usr/bin/cmake -E cmake_depends "Unix Makefiles" /root/Cross_platform_file_transfer_tool-main/Cross_platform_file_transfer_tool-main/tmp /root/Cross_platform_file_transfer_tool-main/Cross_platform_file_transfer_tool-main/src/OPCUAPacking /root/Cross_platform_file_transfer_tool-main/Cross_platform_file_transfer_tool-main/tmp/build-asan /root/Cross_platform_file_transfer_tool-main/Cross_platform_file_transfer_tool-main/tmp/build-asan/OPCUAPacking-build /root/Cross_platform_file_transfer_tool-main/Cross_platform_file_transfer_tool-main/tmp/build-asan/OPCUAPacking-build/CMakeFiles/OPCUAPacking.dir/DependInfo.cmake --color=
Dependencies file "OPCUAPacking-build/CMakeFiles/OPCUAPacking.dir/ua.cpp.o.d" is newer than depends file "/root/Cross_platform_file_transfer_tool-main/Cross_platform_file_transfer_tool-main/tmp/build-asan/OPCUAPacking-build/CMakeFiles/OPCUAPacking.dir/compiler_depend.internal".
Consolidate compiler generated dependencies of target OPCUAPacking
make[2]: Leaving directory '/root/Cross_platform_file_transfer_tool-main/Cross_platform_file_transfer_tool-main/tmp/build-asan'
make  -f OPCUAPacking-build/CMakeFiles/OPCUAPacking.dir/build.make OPCUAPacking-build/CMakeFiles/OPCUAPacking.dir/build
make[2]: Entering directory '/root/Cross_platform_file_transfer_tool-main/Cross_platform_file_transfer_tool-main/tmp/build-asan'
make[2]: Nothing to be done for 'OPCUAPacking-build/CMakeFiles/OPCUAPacking.dir/build'.
make[2]: Leaving directory '/root/Cross_platform_file_transfer_tool-main/Cross_platform_file_transfer_tool-main/tmp/build-asan'
[  8%] Built target OPCUAPacking
make  -f CMakeFiles/file_platform.dir/build.make CMakeFiles/file_platform.dir/depend
make[2]: Entering directory '/root/Cross_platform_file_transfer_tool-main/Cross_platform_file_transfer_tool-main/tmp/build-asan'
cd /root/Cross_platform_file_transfer_tool-main/Cross_platform_file_transfer_tool-main/tmp/build-asan && /usr/bin/cmake -E cmake_depends "Unix Makefiles" /root/Cross_platform_file_transfer_tool-main/Cross_platform_file_transfer_tool-main/tmp /root/Cross_platform_file_transfer_tool-main/Cross_platform_file_transfer_tool-main/tmp /root/Cross_platform_file_transfer_tool-main/Cross_platform_file_transfer_tool-main/tmp/build-asan /root/Cross_platform_file_transfer_tool-main/Cross_platform_file_transfer_tool-main/tmp/build-asan /root/Cross_platform_file_transfer_tool-main/Cross_platform_file_transfer_tool-main/tmp/build-asan/CMakeFiles/file_platform.dir/DependInfo.cmake --color=
Dependencies file "CMakeFiles/file_platform.dir/root/Cross_platform_file_transfer_tool-main/Cross_platform_file_transfer_tool-main/src/main_uaPacking.cpp.o.d" is newer than depends file "/root/Cross_platform_file_transfer_tool-main/Cross_platform_file_transfer_tool-main/tmp/build-asan/CMakeFiles/file_platform.dir/compiler_depend.internal".
Consolidate compiler generated dependencies of target file_platform
make[2]: Leaving directory '/root/Cross_platform_file_transfer_tool-main/Cross_platform_file_transfer_tool-main/tmp/build-asan'
make  -f CMakeFiles/file_platform.dir/build.make CMakeFiles/file_platform.dir/build
make[2]: Entering directory '/root/Cross_platform_file_transfer_tool-main/Cross_platform_file_transfer_tool-main/tmp/build-asan'
make[2]: Nothing to be done for 'CMakeFiles/file_platform.dir/build'.
make[2]: Leaving directory '/root/Cross_platform_file_transfer_tool-main/Cross_platform_file_transfer_tool-main/tmp/build-asan'
[ 17%] Built target file_platform
make  -f tests-build/CMakeFiles/tests.dir/build.make tests-build/CMakeFiles/tests.dir/depend
make[2]: Entering directory '/root/Cross_platform_file_transfer_tool-main/Cross_platform_file_transfer_tool-main/tmp/build-asan'
cd /root/Cross_platform_file_transfer_tool-main/Cross_platform_file_transfer_tool-main/tmp/build-asan && /usr/bin/cmake -E cmake_depends "Unix Makefiles" /root/Cross_platform_file_transfer_tool-main/Cross_platform_file_transfer_tool-main/tmp /root/Cross_platform_file_transfer_tool-main/Cross_platform_file_transfer_tool-main/tests /root/Cross_platform_file_transfer_tool-main/Cross_platform_file_transfer_tool-main/tmp/build-asan /root/Cross_platform_file_transfer_tool-main/Cross_platform_file_transfer_tool-main/tmp/build-asan/tests-build /root/Cross_platform_file_transfer_tool-main/Cross_platform_file_transfer_tool-main/tmp/build-asan/tests-build/CMakeFiles/tests.dir/DependInfo.cmake --color=
Dependencies file "tests-build/CMakeFiles/tests.dir/compile/RuleOfFiveAsserts.cpp.o.d" is newer than depends file "/root/Cross_platform_file_transfer_tool-main/Cross_platform_file_transfer_tool-main/tmp/build-asan/tests-build/CMakeFiles/tests.dir/compiler_depend.internal".
Dependencies file "tests-build/CMakeFiles/tests.dir/test1.cpp.o.d" is newer than depends file "/root/Cross_platform_file_transfer_tool-main/Cross_platform_file_transfer_tool-main/tmp/build-asan/tests-build/CMakeFiles/tests.dir/compiler_depend.internal".
Dependencies file "tests-build/CMakeFiles/tests.dir/test10.cpp.o.d" is newer than depends file "/root/Cross_platform_file_transfer_tool-main/Cross_platform_file_transfer_tool-main/tmp/build-asan/tests-build/CMakeFiles/tests.dir/compiler_depend.internal".
Dependencies file "tests-build/CMakeFiles/tests.dir/test11.cpp.o.d" is newer than depends file "/root/Cross_platform_file_transfer_tool-main/Cross_platform_file_transfer_tool-main/tmp/build-asan/tests-build/CMakeFiles/tests.dir/compiler_depend.internal".
Dependencies file "tests-build/CMakeFiles/tests.dir/test12.cpp.o.d" is newer than depends file "/root/Cross_platform_file_transfer_tool-main/Cross_platform_file_transfer_tool-main/tmp/build-asan/tests-build/CMakeFiles/tests.dir/compiler_depend.internal".
Dependencies file "tests-build/CMakeFiles/tests.dir/test13.cpp.o.d" is newer than depends file "/root/Cross_platform_file_transfer_tool-main/Cross_platform_file_transfer_tool-main/tmp/build-asan/tests-build/CMakeFiles/tests.dir/compiler_depend.internal".
Dependencies file "tests-build/CMakeFiles/tests.dir/test14.cpp.o.d" is newer than depends file "/root/Cross_platform_file_transfer_tool-main/Cross_platform_file_transfer_tool-main/tmp/build-asan/tests-build/CMakeFiles/tests.dir/compiler_depend.internal".
Dependencies file "tests-build/CMakeFiles/tests.dir/test15.cpp.o.d" is newer than depends file "/root/Cross_platform_file_transfer_tool-main/Cross_platform_file_transfer_tool-main/tmp/build-asan/tests-build/CMakeFiles/tests.dir/compiler_depend.internal".
Dependencies file "tests-build/CMakeFiles/tests.dir/test2.cpp.o.d" is newer than depends file "/root/Cross_platform_file_transfer_tool-main/Cross_platform_file_transfer_tool-main/tmp/build-asan/tests-build/CMakeFiles/tests.dir/compiler_depend.internal".
Dependencies file "tests-build/CMakeFiles/tests.dir/test3.cpp.o.d" is newer than depends file "/root/Cross_platform_file_transfer_tool-main/Cross_platform_file_transfer_tool-main/tmp/build-asan/tests-build/CMakeFiles/tests.dir/compiler_depend.internal".
Dependencies file "tests-build/CMakeFiles/tests.dir/test4.cpp.o.d" is newer than depends file "/root/Cross_platform_file_transfer_tool-main/Cross_platform_file_transfer_tool-main/tmp/build-asan/tests-build/CMakeFiles/tests.dir/compiler_depend.internal".
Dependencies file "tests-build/CMakeFiles/tests.dir/test5.cpp.o.d" is newer than depends file "/root/Cross_platform_file_transfer_tool-main/Cross_platform_file_transfer_tool-main/tmp/build-asan/tests-build/CMakeFiles/tests.dir/compiler_depend.internal".
Dependencies file "tests-build/CMakeFiles/tests.dir/test6.cpp.o.d" is newer than depends file "/root/Cross_platform_file_transfer_tool-main/Cross_platform_file_transfer_tool-main/tmp/build-asan/tests-build/CMakeFiles/tests.dir/compiler_depend.internal".
Dependencies file "tests-build/CMakeFiles/tests.dir/test7.cpp.o.d" is newer than depends file "/root/Cross_platform_file_transfer_tool-main/Cross_platform_file_transfer_tool-main/tmp/build-asan/tests-build/CMakeFiles/tests.dir/compiler_depend.internal".
Dependencies file "tests-build/CMakeFiles/tests.dir/test8.cpp.o.d" is newer than depends file "/root/Cross_platform_file_transfer_tool-main/Cross_platform_file_transfer_tool-main/tmp/build-asan/tests-build/CMakeFiles/tests.dir/compiler_depend.internal".
Dependencies file "tests-build/CMakeFiles/tests.dir/test9.cpp.o.d" is newer than depends file "/root/Cross_platform_file_transfer_tool-main/Cross_platform_file_transfer_tool-main/tmp/build-asan/tests-build/CMakeFiles/tests.dir/compiler_depend.internal".
Dependencies file "tests-build/CMakeFiles/tests.dir/util/ClientTestFixture.cpp.o.d" is newer than depends file "/root/Cross_platform_file_transfer_tool-main/Cross_platform_file_transfer_tool-main/tmp/build-asan/tests-build/CMakeFiles/tests.dir/compiler_depend.internal".
Consolidate compiler generated dependencies of target tests
make[2]: Leaving directory '/root/Cross_platform_file_transfer_tool-main/Cross_platform_file_transfer_tool-main/tmp/build-asan'
make  -f tests-build/CMakeFiles/tests.dir/build.make tests-build/CMakeFiles/tests.dir/build
make[2]: Entering directory '/root/Cross_platform_file_transfer_tool-main/Cross_platform_file_transfer_tool-main/tmp/build-asan'
make[2]: Nothing to be done for 'tests-build/CMakeFiles/tests.dir/build'.
make[2]: Leaving directory '/root/Cross_platform_file_transfer_tool-main/Cross_platform_file_transfer_tool-main/tmp/build-asan'
[ 95%] Built target tests
make  -f tests-build/CMakeFiles/only_ua_h.dir/build.make tests-build/CMakeFiles/only_ua_h.dir/depend
make[2]: Entering directory '/root/Cross_platform_file_transfer_tool-main/Cross_platform_file_transfer_tool-main/tmp/build-asan'
cd /root/Cross_platform_file_transfer_tool-main/Cross_platform_file_transfer_tool-main/tmp/build-asan && /usr/bin/cmake -E cmake_depends "Unix Makefiles" /root/Cross_platform_file_transfer_tool-main/Cross_platform_file_transfer_tool-main/tmp /root/Cross_platform_file_transfer_tool-main/Cross_platform_file_transfer_tool-main/tests /root/Cross_platform_file_transfer_tool-main/Cross_platform_file_transfer_tool-main/tmp/build-asan /root/Cross_platform_file_transfer_tool-main/Cross_platform_file_transfer_tool-main/tmp/build-asan/tests-build /root/Cross_platform_file_transfer_tool-main/Cross_platform_file_transfer_tool-main/tmp/build-asan/tests-build/CMakeFiles/only_ua_h.dir/DependInfo.cmake --color=
make[2]: Leaving directory '/root/Cross_platform_file_transfer_tool-main/Cross_platform_file_transfer_tool-main/tmp/build-asan'
make  -f tests-build/CMakeFiles/only_ua_h.dir/build.make tests-build/CMakeFiles/only_ua_h.dir/build
make[2]: Entering directory '/root/Cross_platform_file_transfer_tool-main/Cross_platform_file_transfer_tool-main/tmp/build-asan'
[100%] Building CXX object tests-build/CMakeFiles/only_ua_h.dir/compile/EncapsulationProbe.cpp.o
cd /root/Cross_platform_file_transfer_tool-main/Cross_platform_file_transfer_tool-main/tmp/build-asan/tests-build && /usr/bin/g++  -I/root/Cross_platform_file_transfer_tool-main/Cross_platform_file_transfer_tool-main/tmp/../include -D_GLIBCXX_USE_CXX11_ABI=1  -m64 -fno-lto -g -fsanitize=address,undefined -fno-omit-frame-pointer -g -fno-optimize-sibling-calls -O0 -std=gnu++17 -MD -MT tests-build/CMakeFiles/only_ua_h.dir/compile/EncapsulationProbe.cpp.o -MF CMakeFiles/only_ua_h.dir/compile/EncapsulationProbe.cpp.o.d -o CMakeFiles/only_ua_h.dir/compile/EncapsulationProbe.cpp.o -c /root/Cross_platform_file_transfer_tool-main/Cross_platform_file_transfer_tool-main/tests/compile/EncapsulationProbe.cpp
make[2]: Leaving directory '/root/Cross_platform_file_transfer_tool-main/Cross_platform_file_transfer_tool-main/tmp/build-asan'
[100%] Built target only_ua_h
make  -f tests-build/CMakeFiles/check_encapsulation.dir/build.make tests-build/CMakeFiles/check_encapsulation.dir/depend
make[2]: Entering directory '/root/Cross_platform_file_transfer_tool-main/Cross_platform_file_transfer_tool-main/tmp/build-asan'
cd /root/Cross_platform_file_transfer_tool-main/Cross_platform_file_transfer_tool-main/tmp/build-asan && /usr/bin/cmake -E cmake_depends "Unix Makefiles" /root/Cross_platform_file_transfer_tool-main/Cross_platform_file_transfer_tool-main/tmp /root/Cross_platform_file_transfer_tool-main/Cross_platform_file_transfer_tool-main/tests /root/Cross_platform_file_transfer_tool-main/Cross_platform_file_transfer_tool-main/tmp/build-asan /root/Cross_platform_file_transfer_tool-main/Cross_platform_file_transfer_tool-main/tmp/build-asan/tests-build /root/Cross_platform_file_transfer_tool-main/Cross_platform_file_transfer_tool-main/tmp/build-asan/tests-build/CMakeFiles/check_encapsulation.dir/DependInfo.cmake --color=
make[2]: Leaving directory '/root/Cross_platform_file_transfer_tool-main/Cross_platform_file_transfer_tool-main/tmp/build-asan'
make  -f tests-build/CMakeFiles/check_encapsulation.dir/build.make tests-build/CMakeFiles/check_encapsulation.dir/build
make[2]: Entering directory '/root/Cross_platform_file_transfer_tool-main/Cross_platform_file_transfer_tool-main/tmp/build-asan'
make[2]: Nothing to be done for 'tests-build/CMakeFiles/check_encapsulation.dir/build'.
make[2]: Leaving directory '/root/Cross_platform_file_transfer_tool-main/Cross_platform_file_transfer_tool-main/tmp/build-asan'
[100%] Built target check_encapsulation
make[1]: Leaving directory '/root/Cross_platform_file_transfer_tool-main/Cross_platform_file_transfer_tool-main/tmp/build-asan'
/usr/bin/cmake -E cmake_progress_start /root/Cross_platform_file_transfer_tool-main/Cross_platform_file_transfer_tool-main/tmp/build-asan/CMakeFiles 0
